Archive member included to satisfy reference by file (symbol)

D:/Programs/msys64/msys64/mingw64/bin/../lib/gcc/x86_64-w64-mingw32/11.2.0/libstdc++.dll.a(d006693.o)
                              C:\Users\sara\AppData\Local\Temp\cckXUanX.o (__gxx_personality_seh0)
D:/Programs/msys64/msys64/mingw64/bin/../lib/gcc/x86_64-w64-mingw32/11.2.0/libstdc++.dll.a(d006674.o)
                              C:\Users\sara\AppData\Local\Temp\cckXUanX.o (__cxa_rethrow)
D:/Programs/msys64/msys64/mingw64/bin/../lib/gcc/x86_64-w64-mingw32/11.2.0/libstdc++.dll.a(d006663.o)
                              C:\Users\sara\AppData\Local\Temp\cckXUanX.o (__cxa_end_catch)
D:/Programs/msys64/msys64/mingw64/bin/../lib/gcc/x86_64-w64-mingw32/11.2.0/libstdc++.dll.a(d006657.o)
                              C:\Users\sara\AppData\Local\Temp\cckXUanX.o (__cxa_begin_catch)
D:/Programs/msys64/msys64/mingw64/bin/../lib/gcc/x86_64-w64-mingw32/11.2.0/libstdc++.dll.a(d006647.o)
                              C:\Users\sara\AppData\Local\Temp\cckXUanX.o (operator new(unsigned long long))
D:/Programs/msys64/msys64/mingw64/bin/../lib/gcc/x86_64-w64-mingw32/11.2.0/libstdc++.dll.a(d006641.o)
                              C:\Users\sara\AppData\Local\Temp\cckXUanX.o (operator delete(void*, unsigned long long))
D:/Programs/msys64/msys64/mingw64/bin/../lib/gcc/x86_64-w64-mingw32/11.2.0/libstdc++.dll.a(d005637.o)
                              C:\Users\sara\AppData\Local\Temp\cckXUanX.o (std::basic_istream<char, std::char_traits<char> >& std::operator>><char, std::char_traits<char>, std::allocator<char> >(std::basic_istream<char, std::char_traits<char> >&, std::__cxx11::basic_string<char, std::char_traits<char>, std::allocator<char> >&))
D:/Programs/msys64/msys64/mingw64/bin/../lib/gcc/x86_64-w64-mingw32/11.2.0/libstdc++.dll.a(d005582.o)
                              C:\Users\sara\AppData\Local\Temp\cckXUanX.o (std::basic_ostream<char, std::char_traits<char> >& std::operator<< <std::char_traits<char> >(std::basic_ostream<char, std::char_traits<char> >&, char const*))
D:/Programs/msys64/msys64/mingw64/bin/../lib/gcc/x86_64-w64-mingw32/11.2.0/libstdc++.dll.a(d005475.o)
                              C:\Users\sara\AppData\Local\Temp\cckXUanX.o (std::basic_istream<char, std::char_traits<char> >& std::getline<char, std::char_traits<char>, std::allocator<char> >(std::basic_istream<char, std::char_traits<char> >&, std::__cxx11::basic_string<char, std::char_traits<char>, std::allocator<char> >&, char))
D:/Programs/msys64/msys64/mingw64/bin/../lib/gcc/x86_64-w64-mingw32/11.2.0/libstdc++.dll.a(d005462.o)
                              C:\Users\sara\AppData\Local\Temp\cckXUanX.o (std::cout)
D:/Programs/msys64/msys64/mingw64/bin/../lib/gcc/x86_64-w64-mingw32/11.2.0/libstdc++.dll.a(d005455.o)
                              C:\Users\sara\AppData\Local\Temp\cckXUanX.o (std::__throw_bad_array_new_length())
D:/Programs/msys64/msys64/mingw64/bin/../lib/gcc/x86_64-w64-mingw32/11.2.0/libstdc++.dll.a(d005435.o)
                              C:\Users\sara\AppData\Local\Temp\cckXUanX.o (std::__throw_length_error(char const*))
D:/Programs/msys64/msys64/mingw64/bin/../lib/gcc/x86_64-w64-mingw32/11.2.0/libstdc++.dll.a(d005425.o)
                              C:\Users\sara\AppData\Local\Temp\cckXUanX.o (std::__throw_logic_error(char const*))
D:/Programs/msys64/msys64/mingw64/bin/../lib/gcc/x86_64-w64-mingw32/11.2.0/libstdc++.dll.a(d005411.o)
                              C:\Users\sara\AppData\Local\Temp\cckXUanX.o (std::__throw_bad_alloc())
D:/Programs/msys64/msys64/mingw64/bin/../lib/gcc/x86_64-w64-mingw32/11.2.0/libstdc++.dll.a(d005165.o)
                              C:\Users\sara\AppData\Local\Temp\cckXUanX.o (std::ios_base::Init::~Init())
D:/Programs/msys64/msys64/mingw64/bin/../lib/gcc/x86_64-w64-mingw32/11.2.0/libstdc++.dll.a(d005163.o)
                              C:\Users\sara\AppData\Local\Temp\cckXUanX.o (std::ios_base::Init::Init())
D:/Programs/msys64/msys64/mingw64/bin/../lib/gcc/x86_64-w64-mingw32/11.2.0/libstdc++.dll.a(d004912.o)
                              C:\Users\sara\AppData\Local\Temp\cckXUanX.o (std::__cxx11::basic_istringstream<char, std::char_traits<char>, std::allocator<char> >::~basic_istringstream())
D:/Programs/msys64/msys64/mingw64/bin/../lib/gcc/x86_64-w64-mingw32/11.2.0/libstdc++.dll.a(d004901.o)
                              C:\Users\sara\AppData\Local\Temp\cckXUanX.o (std::__cxx11::basic_istringstream<char, std::char_traits<char>, std::allocator<char> >::basic_istringstream(std::__cxx11::basic_string<char, std::char_traits<char>, std::allocator<char> > const&, std::_Ios_Openmode))
D:/Programs/msys64/msys64/mingw64/bin/../lib/gcc/x86_64-w64-mingw32/11.2.0/libstdc++.dll.a(d004874.o)
                              C:\Users\sara\AppData\Local\Temp\cckXUanX.o (std::__cxx11::basic_stringstream<char, std::char_traits<char>, std::allocator<char> >::~basic_stringstream())
[...]
Memory Configuration

Name             Origin             Length             Attributes
*default*        0x0000000000000000 0xffffffffffffffff

Linker script and memory map

                0x0000000140000000                __image_base__ = 0x140000000
                0x0000000000000000                __dll__ = 0x0
                0x0000000140000000                __ImageBase = 0x140000000
                0x0000000000001000                __section_alignment__ = 0x1000
                0x0000000000000200                __file_alignment__ = 0x200
                0x0000000000000004                __major_os_version__ = 0x4
                0x0000000000000000                __minor_os_version__ = 0x0
                0x0000000000000000                __major_image_version__ = 0x0
                0x0000000000000000                __minor_image_version__ = 0x0
                0x0000000000000005                __major_subsystem_version__ = 0x5
                0x0000000000000002                __minor_subsystem_version__ = 0x2
                0x0000000000000003                __subsystem__ = 0x3
                0x0000000000200000                __size_of_stack_reserve__ = 0x200000
                0x0000000000001000                __size_of_stack_commit__ = 0x1000
                0x0000000000100000                __size_of_heap_reserve__ = 0x100000
                0x0000000000001000                __size_of_heap_commit__ = 0x1000
                0x0000000000000000                __loader_flags__ = 0x0
                0x0000000000000160                __dll_characteristics__ = 0x160
LOAD D:/Programs/msys64/msys64/mingw64/bin/../lib/gcc/x86_64-w64-mingw32/11.2.0/../../../../x86_64-w64-mingw32/lib/../lib/crt2.o
LOAD D:/Programs/msys64/msys64/mingw64/bin/../lib/gcc/x86_64-w64-mingw32/11.2.0/crtbegin.o
LOAD C:\Users\sara\AppData\Local\Temp\cckXUanX.o
LOAD D:/Programs/msys64/msys64/mingw64/bin/../lib/gcc/x86_64-w64-mingw32/11.2.0/libstdc++.dll.a
LOAD D:/Programs/msys64/msys64/mingw64/bin/../lib/gcc/x86_64-w64-mingw32/11.2.0/../../../../x86_64-w64-mingw32/lib/../lib/libmingw32.a
LOAD D:/Programs/msys64/msys64/mingw64/bin/../lib/gcc/x86_64-w64-mingw32/11.2.0/libgcc_s.a
LOAD D:/Programs/msys64/msys64/mingw64/bin/../lib/gcc/x86_64-w64-mingw32/11.2.0/libgcc.a
LOAD D:/Programs/msys64/msys64/mingw64/bin/../lib/gcc/x86_64-w64-mingw32/11.2.0/../../../../x86_64-w64-mingw32/lib/../lib/libmoldname.a
LOAD D:/Programs/msys64/msys64/mingw64/bin/../lib/gcc/x86_64-w64-mingw32/11.2.0/../../../../x86_64-w64-mingw32/lib/../lib/libmingwex.a
LOAD D:/Programs/msys64/msys64/mingw64/bin/../lib/gcc/x86_64-w64-mingw32/11.2.0/../../../../x86_64-w64-mingw32/lib/../lib/libmsvcrt.a
LOAD D:/Programs/msys64/msys64/mingw64/bin/../lib/gcc/x86_64-w64-mingw32/11.2.0/../../../../x86_64-w64-mingw32/lib/../lib/libkernel32.a
LOAD D:/Programs/msys64/msys64/mingw64/bin/../lib/gcc/x86_64-w64-mingw32/11.2.0/../../../../x86_64-w64-mingw32/lib/../lib/libpthread.dll.a
LOAD D:/Programs/msys64/msys64/mingw64/bin/../lib/gcc/x86_64-w64-mingw32/11.2.0/../../../../x86_64-w64-mingw32/lib/../lib/libadvapi32.a
LOAD D:/Programs/msys64/msys64/mingw64/bin/../lib/gcc/x86_64-w64-mingw32/11.2.0/../../../../x86_64-w64-mingw32/lib/../lib/libshell32.a
LOAD D:/Programs/msys64/msys64/mingw64/bin/../lib/gcc/x86_64-w64-mingw32/11.2.0/../../../../x86_64-w64-mingw32/lib/../lib/libuser32.a
LOAD D:/Programs/msys64/msys64/mingw64/bin/../lib/gcc/x86_64-w64-mingw32/11.2.0/../../../../x86_64-w64-mingw32/lib/../lib/libkernel32.a
LOAD D:/Programs/msys64/msys64/mingw64/bin/../lib/gcc/x86_64-w64-mingw32/11.2.0/../../../../x86_64-w64-mingw32/lib/../lib/libmingw32.a
LOAD D:/Programs/msys64/msys64/mingw64/bin/../lib/gcc/x86_64-w64-mingw32/11.2.0/libgcc_s.a
LOAD D:/Programs/msys64/msys64/mingw64/bin/../lib/gcc/x86_64-w64-mingw32/11.2.0/libgcc.a
LOAD D:/Programs/msys64/msys64/mingw64/bin/../lib/gcc/x86_64-w64-mingw32/11.2.0/../../../../x86_64-w64-mingw32/lib/../lib/libmoldname.a
LOAD D:/Programs/msys64/msys64/mingw64/bin/../lib/gcc/x86_64-w64-mingw32/11.2.0/../../../../x86_64-w64-mingw32/lib/../lib/libmingwex.a
LOAD D:/Programs/msys64/msys64/mingw64/bin/../lib/gcc/x86_64-w64-mingw32/11.2.0/../../../../x86_64-w64-mingw32/lib/../lib/libmsvcrt.a
LOAD D:/Programs/msys64/msys64/mingw64/bin/../lib/gcc/x86_64-w64-mingw32/11.2.0/../../../../x86_64-w64-mingw32/lib/../lib/libkernel32.a
LOAD D:/Programs/msys64/msys64/mingw64/bin/../lib/gcc/x86_64-w64-mingw32/11.2.0/../../../../x86_64-w64-mingw32/lib/../lib/default-manifest.o
LOAD D:/Programs/msys64/msys64/mingw64/bin/../lib/gcc/x86_64-w64-mingw32/11.2.0/crtend.o
                0x00000000000004a8                . = SIZEOF_HEADERS
                0x0000000000001000                . = ALIGN (__section_alignment__)

.text           0x0000000140001000     0x3a00
 *(SORT_NONE(.init))
 *(.text)
 .text          0x0000000140001000      0x510 D:/Programs/msys64/msys64/mingw64/bin/../lib/gcc/x86_64-w64-mingw32/11.2.0/../../../../x86_64-w64-mingw32/lib/../lib/crt2.o
                0x00000001400014b0                WinMainCRTStartup
                0x00000001400014d0                mainCRTStartup
                0x00000001400014f0                atexit
 .text          0x0000000140001510       0x20 D:/Programs/msys64/msys64/mingw64/bin/../lib/gcc/x86_64-w64-mingw32/11.2.0/crtbegin.o
                0x0000000140001510                __gcc_register_frame
                0x0000000140001520                __gcc_deregister_frame
 .text          0x0000000140001530      0xb20 C:\Users\sara\AppData\Local\Temp\cckXUanX.o
                0x0000000140001530                main
 .text          0x0000000140002050        0x8 D:/Programs/msys64/msys64/mingw64/bin/../lib/gcc/x86_64-w64-mingw32/11.2.0/libstdc++.dll.a(d006693.o)
                0x0000000140002050                __gxx_personality_seh0
 .text          0x0000000140002058        0x8 D:/Programs/msys64/msys64/mingw64/bin/../lib/gcc/x86_64-w64-mingw32/11.2.0/libstdc++.dll.a(d006674.o)
                0x0000000140002058                __cxa_rethrow
 .text          0x0000000140002060        0x8 D:/Programs/msys64/msys64/mingw64/bin/../lib/gcc/x86_64-w64-mingw32/11.2.0/libstdc++.dll.a(d006663.o)
                0x0000000140002060                __cxa_end_catch
 .text          0x0000000140002068        0x8 D:/Programs/msys64/msys64/mingw64/bin/../lib/gcc/x86_64-w64-mingw32/11.2.0/libstdc++.dll.a(d006657.o)
                0x0000000140002068                __cxa_begin_catch
 .text          0x0000000140002070        0x8 D:/Programs/msys64/msys64/mingw64/bin/../lib/gcc/x86_64-w64-mingw32/11.2.0/libstdc++.dll.a(d006647.o)
                0x0000000140002070                operator new(unsigned long long)
 .text          0x0000000140002078        0x8 D:/Programs/msys64/msys64/mingw64/bin/../lib/gcc/x86_64-w64-mingw32/11.2.0/libstdc++.dll.a(d006641.o)
                0x0000000140002078                operator delete(void*, unsigned long long)
 .text          0x0000000140002080        0x8 D:/Programs/msys64/msys64/mingw64/bin/../lib/gcc/x86_64-w64-mingw32/11.2.0/libstdc++.dll.a(d005637.o)
                0x0000000140002080                std::basic_istream<char, std::char_traits<char> >& std::operator>><char, std::char_traits<char>, std::allocator<char> >(std::basic_istream<char, std::char_traits<char> >&, std::__cxx11::basic_string<char, std::char_traits<char>, std::allocator<char> >&)
 .text          0x0000000140002088        0x8 D:/Programs/msys64/msys64/mingw64/bin/../lib/gcc/x86_64-w64-mingw32/11.2.0/libstdc++.dll.a(d005582.o)
                0x0000000140002088                std::basic_ostream<char, std::char_traits<char> >& std::operator<< <std::char_traits<char> >(std::basic_ostream<char, std::char_traits<char> >&, char const*)
 .text          0x0000000140002090        0x8 D:/Programs/msys64/msys64/mingw64/bin/../lib/gcc/x86_64-w64-mingw32/11.2.0/libstdc++.dll.a(d005475.o)
                0x0000000140002090                std::basic_istream<char, std::char_traits<char> >& std::getline<char, std::char_traits<char>, std::allocator<char> >(std::basic_istream<char, std::char_traits<char> >&, std::__cxx11::basic_string<char, std::char_traits<char>, std::allocator<char> >&, char)
 .text          0x0000000140002098        0x0 D:/Programs/msys64/msys64/mingw64/bin/../lib/gcc/x86_64-w64-mingw32/11.2.0/libstdc++.dll.a(d005462.o)
 .text          0x0000000140002098        0x8 D:/Programs/msys64/msys64/mingw64/bin/../lib/gcc/x86_64-w64-mingw32/11.2.0/libstdc++.dll.a(d005455.o)
                0x0000000140002098                std::__throw_bad_array_new_length()
 .text          0x00000001400020a0        0x8 D:/Programs/msys64/msys64/mingw64/bin/../lib/gcc/x86_64-w64-mingw32/11.2.0/libstdc++.dll.a(d005435.o)
                0x00000001400020a0                std::__throw_length_error(char const*)
 .text          0x00000001400020a8        0x8 D:/Programs/msys64/msys64/mingw64/bin/../lib/gcc/x86_64-w64-mingw32/11.2.0/libstdc++.dll.a(d005425.o)
                0x00000001400020a8                std::__throw_logic_error(char const*)
 .text          0x00000001400020b0        0x8 D:/Programs/msys64/msys64/mingw64/bin/../lib/gcc/x86_64-w64-mingw32/11.2.0/libstdc++.dll.a(d005411.o)
                0x00000001400020b0                std::__throw_bad_alloc()
 .text          0x00000001400020b8        0x8 D:/Programs/msys64/msys64/mingw64/bin/../lib/gcc/x86_64-w64-mingw32/11.2.0/libstdc++.dll.a(d005165.o)
                0x00000001400020b8                std::ios_base::Init::~Init()
 .text          0x00000001400020c0        0x8 D:/Programs/msys64/msys64/mingw64/bin/../lib/gcc/x86_64-w64-mingw32/11.2.0/libstdc++.dll.a(d005163.o)
                0x00000001400020c0                std::ios_base::Init::Init()
 .text          0x00000001400020c8        0x8 D:/Programs/msys64/msys64/mingw64/bin/../lib/gcc/x86_64-w64-mingw32/11.2.0/libstdc++.dll.a(d004912.o)
                0x00000001400020c8                std::__cxx11::basic_istringstream<char, std::char_traits<char>, std::allocator<char> >::~basic_istringstream()
 .text          0x00000001400020d0        0x8 D:/Programs/msys64/msys64/mingw64/bin/../lib/gcc/x86_64-w64-mingw32/11.2.0/libstdc++.dll.a(d004901.o)
                0x00000001400020d0                std::__cxx11::basic_istringstream<char, std::char_traits<char>, std::allocator<char> >::basic_istringstream(std::__cxx11::basic_string<char, std::char_traits<char>, std::allocator<char> > const&, std::_Ios_Openmode)
 .text          0x00000001400020d8        0x8 D:/Programs/msys64/msys64/mingw64/bin/../lib/gcc/x86_64-w64-mingw32/11.2.0/libstdc++.dll.a(d004874.o)
                0x00000001400020d8                std::__cxx11::basic_stringstream<char, std::char_traits<char>, std::allocator<char> >::~basic_stringstream()
 .text          0x00000001400020e0        0x8 D:/Programs/msys64/msys64/mingw64/bin/../lib/gcc/x86_64-w64-mingw32/11.2.0/libstdc++.dll.a(d004863.o)
                0x00000001400020e0                std::__cxx11::basic_stringstream<char, std::char_traits<char>, std::allocator<char> >::basic_stringstream(std::__cxx11::basic_string<char, std::char_traits<char>, std::allocator<char> > const&, std::_Ios_Openmode)
 .text          0x00000001400020e8        0x8 D:/Programs/msys64/msys64/mingw64/bin/../lib/gcc/x86_64-w64-mingw32/11.2.0/libstdc++.dll.a(d004524.o)
                0x00000001400020e8                std::__cxx11::basic_string<char, std::char_traits<char>, std::allocator<char> >::~basic_string()
 .text          0x00000001400020f0        0x8 D:/Programs/msys64/msys64/mingw64/bin/../lib/gcc/x86_64-w64-mingw32/11.2.0/libstdc++.dll.a(d004502.o)
                0x00000001400020f0                std::__cxx11::basic_string<char, std::char_traits<char>, std::allocator<char> >::basic_string()
 .text          0x00000001400020f8        0x8 D:/Programs/msys64/msys64/mingw64/bin/../lib/gcc/x86_64-w64-mingw32/11.2.0/libstdc++.dll.a(d004485.o)
                0x00000001400020f8                std::__cxx11::basic_string<char, std::char_traits<char>, std::allocator<char> >::_M_create(unsigned long long&, unsigned long long)
 .text          0x0000000140002100        0x8 D:/Programs/msys64/msys64/mingw64/bin/../lib/gcc/x86_64-w64-mingw32/11.2.0/libstdc++.dll.a(d004454.o)
                0x0000000140002100                std::__cxx11::basic_string<char, std::char_traits<char>, std::allocator<char> >::_M_data(char*)
 .text          0x0000000140002108        0x8 D:/Programs/msys64/msys64/mingw64/bin/../lib/gcc/x86_64-w64-mingw32/11.2.0/libstdc++.dll.a(d004421.o)
                0x0000000140002108                std::__cxx11::basic_string<char, std::char_traits<char>, std::allocator<char> >::erase(__gnu_cxx::__normal_iterator<char const*, std::__cxx11::basic_string<char, std::char_traits<char>, std::allocator<char> > >, __gnu_cxx::__normal_iterator<char const*, std::__cxx11::basic_string<char, std::char_traits<char>, std::allocator<char> > >)
 .text          0x0000000140002110        0x8 D:/Programs/msys64/msys64/mingw64/bin/../lib/gcc/x86_64-w64-mingw32/11.2.0/libstdc++.dll.a(d004418.o)
                0x0000000140002110                std::__cxx11::basic_string<char, std::char_traits<char>, std::allocator<char> >::begin()
 .text          0x0000000140002118        0x8 D:/Programs/msys64/msys64/mingw64/bin/../lib/gcc/x86_64-w64-mingw32/11.2.0/libstdc++.dll.a(d004412.o)
                0x0000000140002118                std::__cxx11::basic_string<char, std::char_traits<char>, std::allocator<char> >::end()
 .text          0x0000000140002120        0x8 D:/Programs/msys64/msys64/mingw64/bin/../lib/gcc/x86_64-w64-mingw32/11.2.0/libstdc++.dll.a(d004404.o)
                0x0000000140002120                std::__cxx11::basic_string<char, std::char_traits<char>, std::allocator<char> >::_S_copy_chars(char*, char const*, char const*)
 .text          0x0000000140002128        0x8 D:/Programs/msys64/msys64/mingw64/bin/../lib/gcc/x86_64-w64-mingw32/11.2.0/libstdc++.dll.a(d004401.o)
                0x0000000140002128                std::__cxx11::basic_string<char, std::char_traits<char>, std::allocator<char> >::_M_set_length(unsigned long long)
 .text          0x0000000140002130        0x8 D:/Programs/msys64/msys64/mingw64/bin/../lib/gcc/x86_64-w64-mingw32/11.2.0/libstdc++.dll.a(d004400.o)
                0x0000000140002130                std::__cxx11::basic_string<char, std::char_traits<char>, std::allocator<char> >::_M_local_data()
 .text          0x0000000140002138        0x8 D:/Programs/msys64/msys64/mingw64/bin/../lib/gcc/x86_64-w64-mingw32/11.2.0/libstdc++.dll.a(d004390.o)
                0x0000000140002138                std::__cxx11::basic_string<char, std::char_traits<char>, std::allocator<char> >::_Alloc_hider::_Alloc_hider(char*, std::allocator<char> const&)
 .text          0x0000000140002140        0x8 D:/Programs/msys64/msys64/mingw64/bin/../lib/gcc/x86_64-w64-mingw32/11.2.0/libstdc++.dll.a(d004388.o)
                0x0000000140002140                std::__cxx11::basic_string<char, std::char_traits<char>, std::allocator<char> >::_M_capacity(unsigned long long)
 .text          0x0000000140002148        0x8 D:/Programs/msys64/msys64/mingw64/bin/../lib/gcc/x86_64-w64-mingw32/11.2.0/libstdc++.dll.a(d004385.o)
                0x0000000140002148                std::__cxx11::basic_string<char, std::char_traits<char>, std::allocator<char> >::_M_dispose()
 .text          0x0000000140002150        0x8 D:/Programs/msys64/msys64/mingw64/bin/../lib/gcc/x86_64-w64-mingw32/11.2.0/libstdc++.dll.a(d001907.o)
                0x0000000140002150                std::ostream::operator<<(long)
 .text          0x0000000140002158        0x8 D:/Programs/msys64/msys64/mingw64/bin/../lib/gcc/x86_64-w64-mingw32/11.2.0/libstdc++.dll.a(d001855.o)
                0x0000000140002158                std::istream::operator>>(int&)
 .text          0x0000000140002160        0x8 D:/Programs/msys64/msys64/mingw64/bin/../lib/gcc/x86_64-w64-mingw32/11.2.0/libstdc++.dll.a(d001643.o)
                0x0000000140002160                std::allocator<char>::~allocator()
 .text          0x0000000140002168        0x8 D:/Programs/msys64/msys64/mingw64/bin/../lib/gcc/x86_64-w64-mingw32/11.2.0/libstdc++.dll.a(d001642.o)
                0x0000000140002168                std::allocator<char>::~allocator()
 .text          0x0000000140002170        0x8 D:/Programs/msys64/msys64/mingw64/bin/../lib/gcc/x86_64-w64-mingw32/11.2.0/libstdc++.dll.a(d001639.o)
                0x0000000140002170                std::allocator<char>::allocator()
 .text          0x0000000140002178        0x8 D:/Programs/msys64/msys64/mingw64/bin/../lib/gcc/x86_64-w64-mingw32/11.2.0/libstdc++.dll.a(d001581.o)
                0x0000000140002178                std::basic_ios<char, std::char_traits<char> >::operator bool() const
 .text          0x0000000140002180        0x8 D:/Programs/msys64/msys64/mingw64/bin/../lib/gcc/x86_64-w64-mingw32/11.2.0/libstdc++.dll.a(d001086.o)
                0x0000000140002180                std::__cxx11::basic_string<char, std::char_traits<char>, std::allocator<char> >::compare(char const*) const
 .text          0x0000000140002188        0x8 D:/Programs/msys64/msys64/mingw64/bin/../lib/gcc/x86_64-w64-mingw32/11.2.0/libstdc++.dll.a(d001085.o)
                0x0000000140002188                std::__cxx11::basic_string<char, std::char_traits<char>, std::allocator<char> >::_M_data() const
 .text          0x0000000140002190       0xd0 D:/Programs/msys64/msys64/mingw64/bin/../lib/gcc/x86_64-w64-mingw32/11.2.0/../../../../x86_64-w64-mingw32/lib/../lib/libmingw32.a(lib64_libmingw32_a-gccmain.o)
                0x0000000140002190                __do_global_dtors
                0x00000001400021d0                __do_global_ctors
                0x0000000140002240                __main
 .text          0x0000000140002260        0x0 D:/Programs/msys64/msys64/mingw64/bin/../lib/gcc/x86_64-w64-mingw32/11.2.0/../../../../x86_64-w64-mingw32/lib/../lib/libmingw32.a(lib64_libmingw32_a-natstart.o)
 .text          0x0000000140002260        0x0 D:/Programs/msys64/msys64/mingw64/bin/../lib/gcc/x86_64-w64-mingw32/11.2.0/../../../../x86_64-w64-mingw32/lib/../lib/libmingw32.a(lib64_libmingw32_a-wildcard.o)
 .text          0x0000000140002260       0x10 D:/Programs/msys64/msys64/mingw64/bin/../lib/gcc/x86_64-w64-mingw32/11.2.0/../../../../x86_64-w64-mingw32/lib/../lib/libmingw32.a(lib64_libmingw32_a-dllargv.o)
                0x0000000140002260                _setargv
 .text          0x0000000140002270        0x0 D:/Programs/msys64/msys64/mingw64/bin/../lib/gcc/x86_64-w64-mingw32/11.2.0/../../../../x86_64-w64-mingw32/lib/../lib/libmingw32.a(lib64_libmingw32_a-_newmode.o)
 .text          0x0000000140002270       0xd0 D:/Programs/msys64/msys64/mingw64/bin/../lib/gcc/x86_64-w64-mingw32/11.2.0/../../../../x86_64-w64-mingw32/lib/../lib/libmingw32.a(lib64_libmingw32_a-tlssup.o)
                0x00000001400022a0                __dyn_tls_init
                0x0000000140002330                __tlregdtor
 .text          0x0000000140002340        0x0 D:/Programs/msys64/msys64/mingw64/bin/../lib/gcc/x86_64-w64-mingw32/11.2.0/../../../../x86_64-w64-mingw32/lib/../lib/libmingw32.a(lib64_libmingw32_a-xncommod.o)
 .text          0x0000000140002340        0x0 D:/Programs/msys64/msys64/mingw64/bin/../lib/gcc/x86_64-w64-mingw32/11.2.0/../../../../x86_64-w64-mingw32/lib/../lib/libmingw32.a(lib64_libmingw32_a-cinitexe.o)
 .text          0x0000000140002340      0x100 D:/Programs/msys64/msys64/mingw64/bin/../lib/gcc/x86_64-w64-mingw32/11.2.0/../../../../x86_64-w64-mingw32/lib/../lib/libmingw32.a(lib64_libmingw32_a-merr.o)
                0x0000000140002340                _matherr
 .text          0x0000000140002440       0x10 D:/Programs/msys64/msys64/mingw64/bin/../lib/gcc/x86_64-w64-mingw32/11.2.0/../../../../x86_64-w64-mingw32/lib/../lib/libmingw32.a(lib64_libmingw32_a-CRT_fp10.o)
                0x0000000140002440                fpreset
                0x0000000140002440                _fpreset
 .text          0x0000000140002450        0x0 D:/Programs/msys64/msys64/mingw64/bin/../lib/gcc/x86_64-w64-mingw32/11.2.0/../../../../x86_64-w64-mingw32/lib/../lib/libmingw32.a(lib64_libmingw32_a-mingw_helpers.o)
 .text          0x0000000140002450      0x520 D:/Programs/msys64/msys64/mingw64/bin/../lib/gcc/x86_64-w64-mingw32/11.2.0/../../../../x86_64-w64-mingw32/lib/../lib/libmingw32.a(lib64_libmingw32_a-pseudo-reloc.o)
                0x0000000140002630                _pei386_runtime_relocator
 .text          0x0000000140002970       0x60 D:/Programs/msys64/msys64/mingw64/bin/../lib/gcc/x86_64-w64-mingw32/11.2.0/../../../../x86_64-w64-mingw32/lib/../lib/libmingw32.a(lib64_libmingw32_a-usermatherr.o)
                0x0000000140002970                __mingw_raise_matherr
                0x00000001400029c0                __mingw_setusermatherr
 .text          0x00000001400029d0        0x0 D:/Programs/msys64/msys64/mingw64/bin/../lib/gcc/x86_64-w64-mingw32/11.2.0/../../../../x86_64-w64-mingw32/lib/../lib/libmingw32.a(lib64_libmingw32_a-xtxtmode.o)
 .text          0x00000001400029d0      0x1c0 D:/Programs/msys64/msys64/mingw64/bin/../lib/gcc/x86_64-w64-mingw32/11.2.0/../../../../x86_64-w64-mingw32/lib/../lib/libmingw32.a(lib64_libmingw32_a-crt_handler.o)
                0x00000001400029d0                _gnu_exception_handler
 .text          0x0000000140002b90      0x290 D:/Programs/msys64/msys64/mingw64/bin/../lib/gcc/x86_64-w64-mingw32/11.2.0/../../../../x86_64-w64-mingw32/lib/../lib/libmingw32.a(lib64_libmingw32_a-tlsthrd.o)
                0x0000000140002c10                ___w64_mingwthr_add_key_dtor
                0x0000000140002ca0                ___w64_mingwthr_remove_key_dtor
                0x0000000140002d30                __mingw_TLScallback
 .text          0x0000000140002e20        0x0 D:/Programs/msys64/msys64/mingw64/bin/../lib/gcc/x86_64-w64-mingw32/11.2.0/../../../../x86_64-w64-mingw32/lib/../lib/libmingw32.a(lib64_libmingw32_a-tlsmcrt.o)
 .text          0x0000000140002e20        0x0 D:/Programs/msys64/msys64/mingw64/bin/../lib/gcc/x86_64-w64-mingw32/11.2.0/../../../../x86_64-w64-mingw32/lib/../lib/libmingw32.a(lib64_libmingw32_a-pseudo-reloc-list.o)
 .text          0x0000000140002e20      0x3e0 D:/Programs/msys64/msys64/mingw64/bin/../lib/gcc/x86_64-w64-mingw32/11.2.0/../../../../x86_64-w64-mingw32/lib/../lib/libmingw32.a(lib64_libmingw32_a-pesect.o)
                0x0000000140002e20                _ValidateImageBase
                0x0000000140002e50                _FindPESection
                0x0000000140002ea0                _FindPESectionByName
                0x0000000140002f40                __mingw_GetSectionForAddress
                0x0000000140002fc0                __mingw_GetSectionCount
                0x0000000140003000                _FindPESectionExec
                0x0000000140003070                _GetPEImageBase
                0x00000001400030b0                _IsNonwritableInCurrentImage
                0x0000000140003140                __mingw_enum_import_library_names
 .text          0x0000000140003200        0x8 D:/Programs/msys64/msys64/mingw64/bin/../lib/gcc/x86_64-w64-mingw32/11.2.0/libgcc_s.a(d000015.o)
                0x0000000140003200                _Unwind_Resume
 *fill*         0x0000000140003208        0x8 
 .text          0x0000000140003210       0x40 D:/Programs/msys64/msys64/mingw64/bin/../lib/gcc/x86_64-w64-mingw32/11.2.0/libgcc.a(_chkstk_ms.o)
                0x0000000140003210                ___chkstk_ms
 .text          0x0000000140003250        0x0 D:/Programs/msys64/msys64/mingw64/bin/../lib/gcc/x86_64-w64-mingw32/11.2.0/libgcc.a(_ctors.o)
 .text          0x0000000140003250        0x0 D:/Programs/msys64/msys64/mingw64/bin/../lib/gcc/x86_64-w64-mingw32/11.2.0/../../../../x86_64-w64-mingw32/lib/../lib/libmingwex.a(lib64_libmingwex_a-mingw_matherr.o)
 .text          0x0000000140003250       0x10 D:/Programs/msys64/msys64/mingw64/bin/../lib/gcc/x86_64-w64-mingw32/11.2.0/../../../../x86_64-w64-mingw32/lib/../lib/libmsvcrt.a(lib64_libmsvcrt_extra_a-__p__fmode.o)
                0x0000000140003250                __p__fmode
 .text          0x0000000140003260       0x10 D:/Programs/msys64/msys64/mingw64/bin/../lib/gcc/x86_64-w64-mingw32/11.2.0/../../../../x86_64-w64-mingw32/lib/../lib/libmsvcrt.a(lib64_libmsvcrt_extra_a-__p__commode.o)
                0x0000000140003260                __p__commode
 .text          0x0000000140003270       0x10 D:/Programs/msys64/msys64/mingw64/bin/../lib/gcc/x86_64-w64-mingw32/11.2.0/../../../../x86_64-w64-mingw32/lib/../lib/libmsvcrt.a(lib64_libmsvcrt_extra_a-__p__acmdln.o)
                0x0000000140003270                __p__acmdln
 .text          0x0000000140003280       0x20 D:/Programs/msys64/msys64/mingw64/bin/../lib/gcc/x86_64-w64-mingw32/11.2.0/../../../../x86_64-w64-mingw32/lib/../lib/libmsvcrt.a(lib64_libmsvcrt_extra_a-invalid_parameter_handler.o)
                0x0000000140003280                _get_invalid_parameter_handler
                0x0000000140003290                _set_invalid_parameter_handler
 .text          0x00000001400032a0       0x20 D:/Programs/msys64/msys64/mingw64/bin/../lib/gcc/x86_64-w64-mingw32/11.2.0/../../../../x86_64-w64-mingw32/lib/../lib/libmsvcrt.a(lib64_libmsvcrt_common_a-acrt_iob_func.o)
                0x00000001400032a0                __acrt_iob_func
 .text          0x00000001400032c0        0x8 D:/Programs/msys64/msys64/mingw64/bin/../lib/gcc/x86_64-w64-mingw32/11.2.0/../../../../x86_64-w64-mingw32/lib/../lib/libmsvcrt.a(libmsvcrt_defs00055.o)
                0x00000001400032c0                __C_specific_handler
 .text          0x00000001400032c8        0x8 D:/Programs/msys64/msys64/mingw64/bin/../lib/gcc/x86_64-w64-mingw32/11.2.0/../../../../x86_64-w64-mingw32/lib/../lib/libmsvcrt.a(libmsvcrt_defs00081.o)
                0x00000001400032c8                __getmainargs
 .text          0x00000001400032d0        0x0 D:/Programs/msys64/msys64/mingw64/bin/../lib/gcc/x86_64-w64-mingw32/11.2.0/../../../../x86_64-w64-mingw32/lib/../lib/libmsvcrt.a(libmsvcrt_defs00082.o)
 .text          0x00000001400032d0        0x8 D:/Programs/msys64/msys64/mingw64/bin/../lib/gcc/x86_64-w64-mingw32/11.2.0/../../../../x86_64-w64-mingw32/lib/../lib/libmsvcrt.a(libmsvcrt_defs00083.o)
                0x00000001400032d0                __iob_func
 .text          0x00000001400032d8        0x8 D:/Programs/msys64/msys64/mingw64/bin/../lib/gcc/x86_64-w64-mingw32/11.2.0/../../../../x86_64-w64-mingw32/lib/../lib/libmsvcrt.a(libmsvcrt_defs00097.o)
                0x00000001400032d8                __set_app_type
 .text          0x00000001400032e0        0x8 D:/Programs/msys64/msys64/mingw64/bin/../lib/gcc/x86_64-w64-mingw32/11.2.0/../../../../x86_64-w64-mingw32/lib/../lib/libmsvcrt.a(libmsvcrt_defs00099.o)
                0x00000001400032e0                __setusermatherr
 .text          0x00000001400032e8        0x0 D:/Programs/msys64/msys64/mingw64/bin/../lib/gcc/x86_64-w64-mingw32/11.2.0/../../../../x86_64-w64-mingw32/lib/../lib/libmsvcrt.a(libmsvcrt_defs00116.o)
 .text          0x00000001400032e8        0x8 D:/Programs/msys64/msys64/mingw64/bin/../lib/gcc/x86_64-w64-mingw32/11.2.0/../../../../x86_64-w64-mingw32/lib/../lib/libmsvcrt.a(libmsvcrt_defs00123.o)
                0x00000001400032e8                _amsg_exit
 .text          0x00000001400032f0        0x8 D:/Programs/msys64/msys64/mingw64/bin/../lib/gcc/x86_64-w64-mingw32/11.2.0/../../../../x86_64-w64-mingw32/lib/../lib/libmsvcrt.a(libmsvcrt_defs00141.o)
                0x00000001400032f0                _cexit
 .text          0x00000001400032f8        0x0 D:/Programs/msys64/msys64/mingw64/bin/../lib/gcc/x86_64-w64-mingw32/11.2.0/../../../../x86_64-w64-mingw32/lib/../lib/libmsvcrt.a(libmsvcrt_defs00157.o)
 .text          0x00000001400032f8        0x0 D:/Programs/msys64/msys64/mingw64/bin/../lib/gcc/x86_64-w64-mingw32/11.2.0/../../../../x86_64-w64-mingw32/lib/../lib/libmsvcrt.a(libmsvcrt_defs00254.o)
 .text          0x00000001400032f8        0x8 D:/Programs/msys64/msys64/mingw64/bin/../lib/gcc/x86_64-w64-mingw32/11.2.0/../../../../x86_64-w64-mingw32/lib/../lib/libmsvcrt.a(libmsvcrt_defs00332.o)
                0x00000001400032f8                _initterm
 .text          0x0000000140003300        0x8 D:/Programs/msys64/msys64/mingw64/bin/../lib/gcc/x86_64-w64-mingw32/11.2.0/../../../../x86_64-w64-mingw32/lib/../lib/libmsvcrt.a(libmsvcrt_defs00614.o)
                0x0000000140003300                _onexit
 .text          0x0000000140003308        0x8 D:/Programs/msys64/msys64/mingw64/bin/../lib/gcc/x86_64-w64-mingw32/11.2.0/../../../../x86_64-w64-mingw32/lib/../lib/libmsvcrt.a(libmsvcrt_defs01038.o)
                0x0000000140003308                abort
 .text          0x0000000140003310        0x8 D:/Programs/msys64/msys64/mingw64/bin/../lib/gcc/x86_64-w64-mingw32/11.2.0/../../../../x86_64-w64-mingw32/lib/../lib/libmsvcrt.a(libmsvcrt_defs01056.o)
                0x0000000140003310                calloc
 .text          0x0000000140003318        0x8 D:/Programs/msys64/msys64/mingw64/bin/../lib/gcc/x86_64-w64-mingw32/11.2.0/../../../../x86_64-w64-mingw32/lib/../lib/libmsvcrt.a(libmsvcrt_defs01069.o)
                0x0000000140003318                exit
 .text          0x0000000140003320        0x8 D:/Programs/msys64/msys64/mingw64/bin/../lib/gcc/x86_64-w64-mingw32/11.2.0/../../../../x86_64-w64-mingw32/lib/../lib/libmsvcrt.a(libmsvcrt_defs01090.o)
                0x0000000140003320                fprintf
 .text          0x0000000140003328        0x8 D:/Programs/msys64/msys64/mingw64/bin/../lib/gcc/x86_64-w64-mingw32/11.2.0/../../../../x86_64-w64-mingw32/lib/../lib/libmsvcrt.a(libmsvcrt_defs01097.o)
                0x0000000140003328                free
 .text          0x0000000140003330        0x8 D:/Programs/msys64/msys64/mingw64/bin/../lib/gcc/x86_64-w64-mingw32/11.2.0/../../../../x86_64-w64-mingw32/lib/../lib/libmsvcrt.a(libmsvcrt_defs01110.o)
                0x0000000140003330                fwrite
 .text          0x0000000140003338        0x8 D:/Programs/msys64/msys64/mingw64/bin/../lib/gcc/x86_64-w64-mingw32/11.2.0/../../../../x86_64-w64-mingw32/lib/../lib/libmsvcrt.a(libmsvcrt_defs01158.o)
                0x0000000140003338                malloc
 .text          0x0000000140003340        0x8 D:/Programs/msys64/msys64/mingw64/bin/../lib/gcc/x86_64-w64-mingw32/11.2.0/../../../../x86_64-w64-mingw32/lib/../lib/libmsvcrt.a(libmsvcrt_defs01166.o)
                0x0000000140003340                memcpy
 .text          0x0000000140003348        0x8 D:/Programs/msys64/msys64/mingw64/bin/../lib/gcc/x86_64-w64-mingw32/11.2.0/../../../../x86_64-w64-mingw32/lib/../lib/libmsvcrt.a(libmsvcrt_defs01167.o)
                0x0000000140003348                memmove
 .text          0x0000000140003350        0x8 D:/Programs/msys64/msys64/mingw64/bin/../lib/gcc/x86_64-w64-mingw32/11.2.0/../../../../x86_64-w64-mingw32/lib/../lib/libmsvcrt.a(libmsvcrt_defs01198.o)
                0x0000000140003350                signal
 .text          0x0000000140003358        0x8 D:/Programs/msys64/msys64/mingw64/bin/../lib/gcc/x86_64-w64-mingw32/11.2.0/../../../../x86_64-w64-mingw32/lib/../lib/libmsvcrt.a(libmsvcrt_defs01221.o)
                0x0000000140003358                strlen
 .text          0x0000000140003360        0x8 D:/Programs/msys64/msys64/mingw64/bin/../lib/gcc/x86_64-w64-mingw32/11.2.0/../../../../x86_64-w64-mingw32/lib/../lib/libmsvcrt.a(libmsvcrt_defs01224.o)
                0x0000000140003360                strncmp
 .text          0x0000000140003368        0x8 D:/Programs/msys64/msys64/mingw64/bin/../lib/gcc/x86_64-w64-mingw32/11.2.0/../../../../x86_64-w64-mingw32/lib/../lib/libmsvcrt.a(libmsvcrt_defs01259.o)
                0x0000000140003368                vfprintf
 .text          0x0000000140003370        0x0 D:/Programs/msys64/msys64/mingw64/bin/../lib/gcc/x86_64-w64-mingw32/11.2.0/../../../../x86_64-w64-mingw32/lib/../lib/libmsvcrt.a(libmsvcrt_defh.o)
 .text          0x0000000140003370        0x0 D:/Programs/msys64/msys64/mingw64/bin/../lib/gcc/x86_64-w64-mingw32/11.2.0/../../../../x86_64-w64-mingw32/lib/../lib/libmsvcrt.a(libmsvcrt_deft.o)
 .text          0x0000000140003370        0x8 D:/Programs/msys64/msys64/mingw64/bin/../lib/gcc/x86_64-w64-mingw32/11.2.0/../../../../x86_64-w64-mingw32/lib/../lib/libkernel32.a(libkernel32s01493.o)
                0x0000000140003370                VirtualQuery
 .text          0x0000000140003378        0x8 D:/Programs/msys64/msys64/mingw64/bin/../lib/gcc/x86_64-w64-mingw32/11.2.0/../../../../x86_64-w64-mingw32/lib/../lib/libkernel32.a(libkernel32s01491.o)
                0x0000000140003378                VirtualProtect
 .text          0x0000000140003380        0x8 D:/Programs/msys64/msys64/mingw64/bin/../lib/gcc/x86_64-w64-mingw32/11.2.0/../../../../x86_64-w64-mingw32/lib/../lib/libkernel32.a(libkernel32s01444.o)
                0x0000000140003380                TlsGetValue
 .text          0x0000000140003388        0x8 D:/Programs/msys64/msys64/mingw64/bin/../lib/gcc/x86_64-w64-mingw32/11.2.0/../../../../x86_64-w64-mingw32/lib/../lib/libkernel32.a(libkernel32s01409.o)
                0x0000000140003388                Sleep
 .text          0x0000000140003390        0x8 D:/Programs/msys64/msys64/mingw64/bin/../lib/gcc/x86_64-w64-mingw32/11.2.0/../../../../x86_64-w64-mingw32/lib/../lib/libkernel32.a(libkernel32s01393.o)
                0x0000000140003390                SetUnhandledExceptionFilter
 .text          0x0000000140003398        0x8 D:/Programs/msys64/msys64/mingw64/bin/../lib/gcc/x86_64-w64-mingw32/11.2.0/../../../../x86_64-w64-mingw32/lib/../lib/libkernel32.a(libkernel32s00983.o)
                0x0000000140003398                LeaveCriticalSection
 .text          0x00000001400033a0        0x8 D:/Programs/msys64/msys64/mingw64/bin/../lib/gcc/x86_64-w64-mingw32/11.2.0/../../../../x86_64-w64-mingw32/lib/../lib/libkernel32.a(libkernel32s00891.o)
                0x00000001400033a0                InitializeCriticalSection
 .text          0x00000001400033a8        0x8 D:/Programs/msys64/msys64/mingw64/bin/../lib/gcc/x86_64-w64-mingw32/11.2.0/../../../../x86_64-w64-mingw32/lib/../lib/libkernel32.a(libkernel32s00742.o)
                0x00000001400033a8                GetStartupInfoA
 .text          0x00000001400033b0        0x8 D:/Programs/msys64/msys64/mingw64/bin/../lib/gcc/x86_64-w64-mingw32/11.2.0/../../../../x86_64-w64-mingw32/lib/../lib/libkernel32.a(libkernel32s00629.o)
                0x00000001400033b0                GetLastError
 .text          0x00000001400033b8        0x8 D:/Programs/msys64/msys64/mingw64/bin/../lib/gcc/x86_64-w64-mingw32/11.2.0/../../../../x86_64-w64-mingw32/lib/../lib/libkernel32.a(libkernel32s00318.o)
                0x00000001400033b8                EnterCriticalSection
 .text          0x00000001400033c0        0x8 D:/Programs/msys64/msys64/mingw64/bin/../lib/gcc/x86_64-w64-mingw32/11.2.0/../../../../x86_64-w64-mingw32/lib/../lib/libkernel32.a(libkernel32s00282.o)
                0x00000001400033c0                DeleteCriticalSection
 *fill*         0x00000001400033c8        0x8 
 .text          0x00000001400033d0        0x0 D:/Programs/msys64/msys64/mingw64/bin/../lib/gcc/x86_64-w64-mingw32/11.2.0/../../../../x86_64-w64-mingw32/lib/../lib/libkernel32.a(libkernel32h.o)
 .text          0x00000001400033d0        0x0 D:/Programs/msys64/msys64/mingw64/bin/../lib/gcc/x86_64-w64-mingw32/11.2.0/../../../../x86_64-w64-mingw32/lib/../lib/libkernel32.a(libkernel32t.o)
 .text          0x00000001400033d0        0x0 D:/Programs/msys64/msys64/mingw64/bin/../lib/gcc/x86_64-w64-mingw32/11.2.0/crtend.o
 *(SORT_BY_NAME(.text$*))
 .text$_ZN9__gnu_cxx11char_traitsIcE2eqERKcS3_
                0x00000001400033d0       0x30 C:\Users\sara\AppData\Local\Temp\cckXUanX.o
                0x00000001400033d0                __gnu_cxx::char_traits<char>::eq(char const&, char const&)
 .text$_ZN9__gnu_cxx11char_traitsIcE6lengthEPKc
                0x0000000140003400       0x50 C:\Users\sara\AppData\Local\Temp\cckXUanX.o
                0x0000000140003400                __gnu_cxx::char_traits<char>::length(char const*)
 .text$_ZN9__gnu_cxx13new_allocatorIiE10deallocateEPiy
                0x0000000140003450       0x40 C:\Users\sara\AppData\Local\Temp\cckXUanX.o
                0x0000000140003450                __gnu_cxx::new_allocator<int>::deallocate(int*, unsigned long long)
 .text$_ZN9__gnu_cxx13new_allocatorIiE8allocateEyPKv
                0x0000000140003490       0x70 C:\Users\sara\AppData\Local\Temp\cckXUanX.o
                0x0000000140003490                __gnu_cxx::new_allocator<int>::allocate(unsigned long long, void const*)
 .text$_ZN9__gnu_cxx13new_allocatorIiE9constructIiJRKiEEEvPT_DpOT0_
                0x0000000140003500       0x40 C:\Users\sara\AppData\Local\Temp\cckXUanX.o
                0x0000000140003500                void __gnu_cxx::new_allocator<int>::construct<int, int const&>(int*, int const&)
 .text$_ZN9__gnu_cxx13new_allocatorIiEC2Ev
                0x0000000140003540       0x10 C:\Users\sara\AppData\Local\Temp\cckXUanX.o
                0x0000000140003540                __gnu_cxx::new_allocator<int>::new_allocator()
 .text$_ZN9__gnu_cxx13new_allocatorIiED2Ev
                0x0000000140003550       0x10 C:\Users\sara\AppData\Local\Temp\cckXUanX.o
                0x0000000140003550                __gnu_cxx::new_allocator<int>::~new_allocator()
 .text$_ZN9__gnu_cxx17__is_null_pointerIKcEEbPT_
                0x0000000140003560       0x20 C:\Users\sara\AppData\Local\Temp\cckXUanX.o
                0x0000000140003560                bool __gnu_cxx::__is_null_pointer<char const>(char const*)
 .text$_ZN9__gnu_cxx17__normal_iteratorIPKcNSt7__cxx1112basic_stringIcSt11char_traitsIcESaIcEEEEC1IPcEERKNS0_IT_NS_11__enable_ifIXsrSt10__are_sameISC_SB_E7__valueES8_E6__typeEEE
                0x0000000140003580       0x30 C:\Users\sara\AppData\Local\Temp\cckXUanX.o
                0x0000000140003580                __gnu_cxx::__normal_iterator<char const*, std::__cxx11::basic_string<char, std::char_traits<char>, std::allocator<char> > >::__normal_iterator<char*>(__gnu_cxx::__normal_iterator<char*, __gnu_cxx::__enable_if<std::__are_same<char*, char*>::__value, std::__cxx11::basic_string<char, std::char_traits<char>, std::allocator<char> > >::__type> const&)
 .text$_ZN9__gnu_cxx17__normal_iteratorIPcNSt7__cxx1112basic_stringIcSt11char_traitsIcESaIcEEEEppEv
                0x00000001400035b0       0x20 C:\Users\sara\AppData\Local\Temp\cckXUanX.o
                0x00000001400035b0                __gnu_cxx::__normal_iterator<char*, std::__cxx11::basic_string<char, std::char_traits<char>, std::allocator<char> > >::operator++()
 .text$_ZN9__gnu_cxx17__normal_iteratorIPiSt6vectorIiSaIiEEEC1ERKS1_
                0x00000001400035d0       0x20 C:\Users\sara\AppData\Local\Temp\cckXUanX.o
                0x00000001400035d0                __gnu_cxx::__normal_iterator<int*, std::vector<int, std::allocator<int> > >::__normal_iterator(int* const&)
 .text$_ZN9__gnu_cxx5__ops16_Iter_equals_valIKcEC1ERS2_
                0x00000001400035f0       0x20 C:\Users\sara\AppData\Local\Temp\cckXUanX.o
                0x00000001400035f0                __gnu_cxx::__ops::_Iter_equals_val<char const>::_Iter_equals_val(char const&)
 .text$_ZN9__gnu_cxx5__ops16_Iter_equals_valIKcEclINS_17__normal_iteratorIPcNSt7__cxx1112basic_stringIcSt11char_traitsIcESaIcEEEEEEEbT_
                0x0000000140003610       0x40 C:\Users\sara\AppData\Local\Temp\cckXUanX.o
                0x0000000140003610                bool __gnu_cxx::__ops::_Iter_equals_val<char const>::operator()<__gnu_cxx::__normal_iterator<char*, std::__cxx11::basic_string<char, std::char_traits<char>, std::allocator<char> > > >(__gnu_cxx::__normal_iterator<char*, std::__cxx11::basic_string<char, std::char_traits<char>, std::allocator<char> > >)
 .text$_ZN9__gnu_cxx5__ops17__iter_equals_valIKcEENS0_16_Iter_equals_valIT_EERS4_
                0x0000000140003650       0x30 C:\Users\sara\AppData\Local\Temp\cckXUanX.o
                0x0000000140003650                __gnu_cxx::__ops::_Iter_equals_val<char const> __gnu_cxx::__ops::__iter_equals_val<char const>(char const&)
 .text$_ZN9__gnu_cxxeqIPcNSt7__cxx1112basic_stringIcSt11char_traitsIcESaIcEEEEEbRKNS_17__normal_iteratorIT_T0_EESD_
                0x0000000140003680       0x40 C:\Users\sara\AppData\Local\Temp\cckXUanX.o
                0x0000000140003680                bool __gnu_cxx::operator==<char*, std::__cxx11::basic_string<char, std::char_traits<char>, std::allocator<char> > >(__gnu_cxx::__normal_iterator<char*, std::__cxx11::basic_string<char, std::char_traits<char>, std::allocator<char> > > const&, __gnu_cxx::__normal_iterator<char*, std::__cxx11::basic_string<char, std::char_traits<char>, std::allocator<char> > > const&)
 .text$_ZN9__gnu_cxxmiIPcNSt7__cxx1112basic_stringIcSt11char_traitsIcESaIcEEEEENS_17__normal_iteratorIT_T0_E15difference_typeERKSB_SE_
                0x00000001400036c0       0x40 C:\Users\sara\AppData\Local\Temp\cckXUanX.o
                0x00000001400036c0                __gnu_cxx::__normal_iterator<char*, std::__cxx11::basic_string<char, std::char_traits<char>, std::allocator<char> > >::difference_type __gnu_cxx::operator-<char*, std::__cxx11::basic_string<char, std::char_traits<char>, std::allocator<char> > >(__gnu_cxx::__normal_iterator<char*, std::__cxx11::basic_string<char, std::char_traits<char>, std::allocator<char> > > const&, __gnu_cxx::__normal_iterator<char*, std::__cxx11::basic_string<char, std::char_traits<char>, std::allocator<char> > > const&)
 .text$_ZN9__gnu_cxxmiIPiSt6vectorIiSaIiEEEENS_17__normal_iteratorIT_T0_E15difference_typeERKS8_SB_
                0x0000000140003700       0x40 C:\Users\sara\AppData\Local\Temp\cckXUanX.o
                0x0000000140003700                __gnu_cxx::__normal_iterator<int*, std::vector<int, std::allocator<int> > >::difference_type __gnu_cxx::operator-<int*, std::vector<int, std::allocator<int> > >(__gnu_cxx::__normal_iterator<int*, std::vector<int, std::allocator<int> > > const&, __gnu_cxx::__normal_iterator<int*, std::vector<int, std::allocator<int> > > const&)
 .text$_ZN9__gnu_cxxneIPcNSt7__cxx1112basic_stringIcSt11char_traitsIcESaIcEEEEEbRKNS_17__normal_iteratorIT_T0_EESD_
                0x0000000140003740       0x40 C:\Users\sara\AppData\Local\Temp\cckXUanX.o
                0x0000000140003740                bool __gnu_cxx::operator!=<char*, std::__cxx11::basic_string<char, std::char_traits<char>, std::allocator<char> > >(__gnu_cxx::__normal_iterator<char*, std::__cxx11::basic_string<char, std::char_traits<char>, std::allocator<char> > > const&, __gnu_cxx::__normal_iterator<char*, std::__cxx11::basic_string<char, std::char_traits<char>, std::allocator<char> > > const&)
 .text$_ZNK9__gnu_cxx13new_allocatorIiE11_M_max_sizeEv
                0x0000000140003780       0x20 C:\Users\sara\AppData\Local\Temp\cckXUanX.o
                0x0000000140003780                __gnu_cxx::new_allocator<int>::_M_max_size() const
 .text$_ZNK9__gnu_cxx13new_allocatorIiE8max_sizeEv
                0x00000001400037a0       0x20 C:\Users\sara\AppData\Local\Temp\cckXUanX.o
                0x00000001400037a0                __gnu_cxx::new_allocator<int>::max_size() const
 .text$_ZNK9__gnu_cxx17__normal_iteratorIPcNSt7__cxx1112basic_stringIcSt11char_traitsIcESaIcEEEE4baseEv
                0x00000001400037c0       0x10 C:\Users\sara\AppData\Local\Temp\cckXUanX.o
                0x00000001400037c0                __gnu_cxx::__normal_iterator<char*, std::__cxx11::basic_string<char, std::char_traits<char>, std::allocator<char> > >::base() const
 .text$_ZNK9__gnu_cxx17__normal_iteratorIPcNSt7__cxx1112basic_stringIcSt11char_traitsIcESaIcEEEEdeEv
                0x00000001400037d0       0x20 C:\Users\sara\AppData\Local\Temp\cckXUanX.o
                0x00000001400037d0                __gnu_cxx::__normal_iterator<char*, std::__cxx11::basic_string<char, std::char_traits<char>, std::allocator<char> > >::operator*() const
 .text$_ZNK9__gnu_cxx17__normal_iteratorIPiSt6vectorIiSaIiEEE4baseEv
                0x00000001400037f0       0x10 C:\Users\sara\AppData\Local\Temp\cckXUanX.o
                0x00000001400037f0                __gnu_cxx::__normal_iterator<int*, std::vector<int, std::allocator<int> > >::base() const
 .text$_ZNK9__gnu_cxx17__normal_iteratorIPiSt6vectorIiSaIiEEEdeEv
                0x0000000140003800       0x20 C:\Users\sara\AppData\Local\Temp\cckXUanX.o
                0x0000000140003800                __gnu_cxx::__normal_iterator<int*, std::vector<int, std::allocator<int> > >::operator*() const
 .text$_ZNKSt12_Vector_baseIiSaIiEE19_M_get_Tp_allocatorEv
                0x0000000140003820       0x10 C:\Users\sara\AppData\Local\Temp\cckXUanX.o
                0x0000000140003820                std::_Vector_base<int, std::allocator<int> >::_M_get_Tp_allocator() const
 .text$_ZNKSt6vectorIiSaIiEE11_M_data_ptrIiEEPT_S4_
                0x0000000140003830       0x20 C:\Users\sara\AppData\Local\Temp\cckXUanX.o
                0x0000000140003830                int* std::vector<int, std::allocator<int> >::_M_data_ptr<int>(int*) const
 .text$_ZNKSt6vectorIiSaIiEE12_M_check_lenEyPKc
                0x0000000140003850       0xc0 C:\Users\sara\AppData\Local\Temp\cckXUanX.o
                0x0000000140003850                std::vector<int, std::allocator<int> >::_M_check_len(unsigned long long, char const*) const
 .text$_ZNKSt6vectorIiSaIiEE4sizeEv
                0x0000000140003910       0x30 C:\Users\sara\AppData\Local\Temp\cckXUanX.o
                0x0000000140003910                std::vector<int, std::allocator<int> >::size() const
 .text$_ZNKSt6vectorIiSaIiEE8max_sizeEv
                0x0000000140003940       0x30 C:\Users\sara\AppData\Local\Temp\cckXUanX.o
                0x0000000140003940                std::vector<int, std::allocator<int> >::max_size() const
 .text$_ZNSaIiEC2Ev
                0x0000000140003970       0x20 C:\Users\sara\AppData\Local\Temp\cckXUanX.o
                0x0000000140003970                std::allocator<int>::allocator()
 .text$_ZNSaIiED2Ev
                0x0000000140003990       0x20 C:\Users\sara\AppData\Local\Temp\cckXUanX.o
                0x0000000140003990                std::allocator<int>::~allocator()
 .text$_ZNSt11char_traitsIcE6lengthEPKc
                0x00000001400039b0       0x40 C:\Users\sara\AppData\Local\Temp\cckXUanX.o
                0x00000001400039b0                std::char_traits<char>::length(char const*)
 .text$_ZNSt12_Destroy_auxILb1EE9__destroyIPiEEvT_S3_
                0x00000001400039f0       0x10 C:\Users\sara\AppData\Local\Temp\cckXUanX.o
                0x00000001400039f0                void std::_Destroy_aux<true>::__destroy<int*>(int*, int*)
 .text$_ZNSt12_Vector_baseIiSaIiEE11_M_allocateEy
                0x0000000140003a00       0x40 C:\Users\sara\AppData\Local\Temp\cckXUanX.o
                0x0000000140003a00                std::_Vector_base<int, std::allocator<int> >::_M_allocate(unsigned long long)
 .text$_ZNSt12_Vector_baseIiSaIiEE12_Vector_implC1Ev
                0x0000000140003a40       0x30 C:\Users\sara\AppData\Local\Temp\cckXUanX.o
                0x0000000140003a40                std::_Vector_base<int, std::allocator<int> >::_Vector_impl::_Vector_impl()
 .text$_ZNSt12_Vector_baseIiSaIiEE12_Vector_implD1Ev
                0x0000000140003a70       0x20 C:\Users\sara\AppData\Local\Temp\cckXUanX.o
                0x0000000140003a70                std::_Vector_base<int, std::allocator<int> >::_Vector_impl::~_Vector_impl()
 .text$_ZNSt12_Vector_baseIiSaIiEE13_M_deallocateEPiy
                0x0000000140003a90       0x40 C:\Users\sara\AppData\Local\Temp\cckXUanX.o
                0x0000000140003a90                std::_Vector_base<int, std::allocator<int> >::_M_deallocate(int*, unsigned long long)
 .text$_ZNSt12_Vector_baseIiSaIiEE17_Vector_impl_dataC2Ev
                0x0000000140003ad0       0x30 C:\Users\sara\AppData\Local\Temp\cckXUanX.o
                0x0000000140003ad0                std::_Vector_base<int, std::allocator<int> >::_Vector_impl_data::_Vector_impl_data()
 .text$_ZNSt12_Vector_baseIiSaIiEE19_M_get_Tp_allocatorEv
                0x0000000140003b00       0x10 C:\Users\sara\AppData\Local\Temp\cckXUanX.o
                0x0000000140003b00                std::_Vector_base<int, std::allocator<int> >::_M_get_Tp_allocator()
 .text$_ZNSt12_Vector_baseIiSaIiEEC2Ev
                0x0000000140003b10       0x20 C:\Users\sara\AppData\Local\Temp\cckXUanX.o
                0x0000000140003b10                std::_Vector_base<int, std::allocator<int> >::_Vector_base()
 .text$_ZNSt12_Vector_baseIiSaIiEED2Ev
                0x0000000140003b30       0x60 C:\Users\sara\AppData\Local\Temp\cckXUanX.o
                0x0000000140003b30                std::_Vector_base<int, std::allocator<int> >::~_Vector_base()
 .text$_ZNSt16allocator_traitsISaIiEE10deallocateERS0_Piy
                0x0000000140003b90       0x40 C:\Users\sara\AppData\Local\Temp\cckXUanX.o
                0x0000000140003b90                std::allocator_traits<std::allocator<int> >::deallocate(std::allocator<int>&, int*, unsigned long long)
 .text$_ZNSt16allocator_traitsISaIiEE8allocateERS0_y
                0x0000000140003bd0       0x30 C:\Users\sara\AppData\Local\Temp\cckXUanX.o
                0x0000000140003bd0                std::allocator_traits<std::allocator<int> >::allocate(std::allocator<int>&, unsigned long long)
 .text$_ZNSt16allocator_traitsISaIiEE8max_sizeERKS0_
                0x0000000140003c00       0x20 C:\Users\sara\AppData\Local\Temp\cckXUanX.o
                0x0000000140003c00                std::allocator_traits<std::allocator<int> >::max_size(std::allocator<int> const&)
 .text$_ZNSt16allocator_traitsISaIiEE9constructIiJRKiEEEvRS0_PT_DpOT0_
                0x0000000140003c20       0x40 C:\Users\sara\AppData\Local\Temp\cckXUanX.o
                0x0000000140003c20                void std::allocator_traits<std::allocator<int> >::construct<int, int const&>(std::allocator<int>&, int*, int const&)
 .text$_ZNSt6vectorIiSaIiEE11_S_max_sizeERKS0_
                0x0000000140003c60       0x40 C:\Users\sara\AppData\Local\Temp\cckXUanX.o
                0x0000000140003c60                std::vector<int, std::allocator<int> >::_S_max_size(std::allocator<int> const&)
 .text$_ZNSt6vectorIiSaIiEE11_S_relocateEPiS2_S2_RS0_
                0x0000000140003ca0       0x40 C:\Users\sara\AppData\Local\Temp\cckXUanX.o
                0x0000000140003ca0                std::vector<int, std::allocator<int> >::_S_relocate(int*, int*, int*, std::allocator<int>&)
 .text$_ZNSt6vectorIiSaIiEE14_S_do_relocateEPiS2_S2_RS0_St17integral_constantIbLb1EE
                0x0000000140003ce0       0x40 C:\Users\sara\AppData\Local\Temp\cckXUanX.o
                0x0000000140003ce0                std::vector<int, std::allocator<int> >::_S_do_relocate(int*, int*, int*, std::allocator<int>&, std::integral_constant<bool, true>)
 .text$_ZNSt6vectorIiSaIiEE17_M_realloc_insertIJRKiEEEvN9__gnu_cxx17__normal_iteratorIPiS1_EEDpOT_
                0x0000000140003d20      0x1a0 C:\Users\sara\AppData\Local\Temp\cckXUanX.o
                0x0000000140003d20                void std::vector<int, std::allocator<int> >::_M_realloc_insert<int const&>(__gnu_cxx::__normal_iterator<int*, std::vector<int, std::allocator<int> > >, int const&)
 .text$_ZNSt6vectorIiSaIiEE3endEv
                0x0000000140003ec0       0x30 C:\Users\sara\AppData\Local\Temp\cckXUanX.o
                0x0000000140003ec0                std::vector<int, std::allocator<int> >::end()
 .text$_ZNSt6vectorIiSaIiEE4dataEv
                0x0000000140003ef0       0x30 C:\Users\sara\AppData\Local\Temp\cckXUanX.o
                0x0000000140003ef0                std::vector<int, std::allocator<int> >::data()
 .text$_ZNSt6vectorIiSaIiEE5beginEv
                0x0000000140003f20       0x30 C:\Users\sara\AppData\Local\Temp\cckXUanX.o
                0x0000000140003f20                std::vector<int, std::allocator<int> >::begin()
 .text$_ZNSt6vectorIiSaIiEE5frontEv
                0x0000000140003f50       0x30 C:\Users\sara\AppData\Local\Temp\cckXUanX.o
                0x0000000140003f50                std::vector<int, std::allocator<int> >::front()
 .text$_ZNSt6vectorIiSaIiEE9push_backERKi
                0x0000000140003f80       0x80 C:\Users\sara\AppData\Local\Temp\cckXUanX.o
                0x0000000140003f80                std::vector<int, std::allocator<int> >::push_back(int const&)
 .text$_ZNSt6vectorIiSaIiEEC1Ev
                0x0000000140004000       0x20 C:\Users\sara\AppData\Local\Temp\cckXUanX.o
                0x0000000140004000                std::vector<int, std::allocator<int> >::vector()
 .text$_ZNSt6vectorIiSaIiEED1Ev
                0x0000000140004020       0x50 C:\Users\sara\AppData\Local\Temp\cckXUanX.o
                0x0000000140004020                std::vector<int, std::allocator<int> >::~vector()
 .text$_ZNSt7__cxx1112basic_stringIcSt11char_traitsIcESaIcEE12_Alloc_hiderD1Ev
                0x0000000140004070       0x20 C:\Users\sara\AppData\Local\Temp\cckXUanX.o
                0x0000000140004070                std::__cxx11::basic_string<char, std::char_traits<char>, std::allocator<char> >::_Alloc_hider::~_Alloc_hider()
 .text$_ZNSt7__cxx1112basic_stringIcSt11char_traitsIcESaIcEE12_M_constructIPKcEEvT_S8_St20forward_iterator_tag
                0x0000000140004090      0x110 C:\Users\sara\AppData\Local\Temp\cckXUanX.o
                0x0000000140004090                void std::__cxx11::basic_string<char, std::char_traits<char>, std::allocator<char> >::_M_construct<char const*>(char const*, char const*, std::forward_iterator_tag)
 .text$_ZNSt7__cxx1112basic_stringIcSt11char_traitsIcESaIcEEC1IS3_EEPKcRKS3_
                0x00000001400041a0       0xa0 C:\Users\sara\AppData\Local\Temp\cckXUanX.o
                0x00000001400041a0                std::__cxx11::basic_string<char, std::char_traits<char>, std::allocator<char> >::basic_string<std::allocator<char> >(char const*, std::allocator<char> const&)
 .text$_ZSt10__distanceIPKcENSt15iterator_traitsIT_E15difference_typeES3_S3_St26random_access_iterator_tag
                0x0000000140004240       0x20 C:\Users\sara\AppData\Local\Temp\cckXUanX.o
                0x0000000140004240                std::iterator_traits<char const*>::difference_type std::__distance<char const*>(char const*, char const*, std::random_access_iterator_tag)
 .text$_ZSt11__remove_ifIN9__gnu_cxx17__normal_iteratorIPcNSt7__cxx1112basic_stringIcSt11char_traitsIcESaIcEEEEENS0_5__ops16_Iter_equals_valIKcEEET_SE_SE_T0_
                0x0000000140004260       0xd0 C:\Users\sara\AppData\Local\Temp\cckXUanX.o
                0x0000000140004260                __gnu_cxx::__normal_iterator<char*, std::__cxx11::basic_string<char, std::char_traits<char>, std::allocator<char> > > std::__remove_if<__gnu_cxx::__normal_iterator<char*, std::__cxx11::basic_string<char, std::char_traits<char>, std::allocator<char> > >, __gnu_cxx::__ops::_Iter_equals_val<char const> >(__gnu_cxx::__normal_iterator<char*, std::__cxx11::basic_string<char, std::char_traits<char>, std::allocator<char> > >, __gnu_cxx::__normal_iterator<char*, std::__cxx11::basic_string<char, std::char_traits<char>, std::allocator<char> > >, __gnu_cxx::__ops::_Iter_equals_val<char const>)
 .text$_ZSt12__niter_baseIPiET_S1_
                0x0000000140004330       0x10 C:\Users\sara\AppData\Local\Temp\cckXUanX.o
                0x0000000140004330                int* std::__niter_base<int*>(int*)
 .text$_ZSt12__relocate_aIPiS0_SaIiEET0_T_S3_S2_RT1_
                0x0000000140004340       0x60 C:\Users\sara\AppData\Local\Temp\cckXUanX.o
                0x0000000140004340                int* std::__relocate_a<int*, int*, std::allocator<int> >(int*, int*, int*, std::allocator<int>&)
 .text$_ZSt14__relocate_a_1IiiENSt9enable_ifIXsrSt24__is_bitwise_relocatableIT_vE5valueEPS2_E4typeES4_S4_S4_RSaIT0_E
                0x00000001400043a0       0x70 C:\Users\sara\AppData\Local\Temp\cckXUanX.o
                0x00000001400043a0                std::enable_if<std::__is_bitwise_relocatable<int, void>::value, int*>::type std::__relocate_a_1<int, int>(int*, int*, int*, std::allocator<int>&)
 .text$_ZSt19__iterator_categoryIN9__gnu_cxx17__normal_iteratorIPcNSt7__cxx1112basic_stringIcSt11char_traitsIcESaIcEEEEEENSt15iterator_traitsIT_E17iterator_categoryERKSB_
                0x0000000140004410       0x10 C:\Users\sara\AppData\Local\Temp\cckXUanX.o
                0x0000000140004410                std::iterator_traits<__gnu_cxx::__normal_iterator<char*, std::__cxx11::basic_string<char, std::char_traits<char>, std::allocator<char> > > >::iterator_category std::__iterator_category<__gnu_cxx::__normal_iterator<char*, std::__cxx11::basic_string<char, std::char_traits<char>, std::allocator<char> > > >(__gnu_cxx::__normal_iterator<char*, std::__cxx11::basic_string<char, std::char_traits<char>, std::allocator<char> > > const&)
 .text$_ZSt19__iterator_categoryIPKcENSt15iterator_traitsIT_E17iterator_categoryERKS3_
                0x0000000140004420       0x10 C:\Users\sara\AppData\Local\Temp\cckXUanX.o
                0x0000000140004420                std::iterator_traits<char const*>::iterator_category std::__iterator_category<char const*>(char const* const&)
 .text$_ZSt3maxIyERKT_S2_S2_
                0x0000000140004430       0x30 C:\Users\sara\AppData\Local\Temp\cckXUanX.o
                0x0000000140004430                unsigned long long const& std::max<unsigned long long>(unsigned long long const&, unsigned long long const&)
 .text$_ZSt3minIyERKT_S2_S2_
                0x0000000140004460       0x30 C:\Users\sara\AppData\Local\Temp\cckXUanX.o
                0x0000000140004460                unsigned long long const& std::min<unsigned long long>(unsigned long long const&, unsigned long long const&)
 .text$_ZSt4moveIRcEONSt16remove_referenceIT_E4typeEOS2_
                0x0000000140004490       0x10 C:\Users\sara\AppData\Local\Temp\cckXUanX.o
                0x0000000140004490                std::remove_reference<char&>::type&& std::move<char&>(char&)
 .text$_ZSt6removeIN9__gnu_cxx17__normal_iteratorIPcNSt7__cxx1112basic_stringIcSt11char_traitsIcESaIcEEEEEcET_SA_SA_RKT0_
                0x00000001400044a0       0x40 C:\Users\sara\AppData\Local\Temp\cckXUanX.o
                0x00000001400044a0                __gnu_cxx::__normal_iterator<char*, std::__cxx11::basic_string<char, std::char_traits<char>, std::allocator<char> > > std::remove<__gnu_cxx::__normal_iterator<char*, std::__cxx11::basic_string<char, std::char_traits<char>, std::allocator<char> > >, char>(__gnu_cxx::__normal_iterator<char*, std::__cxx11::basic_string<char, std::char_traits<char>, std::allocator<char> > >, __gnu_cxx::__normal_iterator<char*, std::__cxx11::basic_string<char, std::char_traits<char>, std::allocator<char> > >, char const&)
 .text$_ZSt7forwardIRKiEOT_RNSt16remove_referenceIS2_E4typeE
                0x00000001400044e0       0x10 C:\Users\sara\AppData\Local\Temp\cckXUanX.o
                0x00000001400044e0                int const& std::forward<int const&>(std::remove_reference<int const&>::type&)
 .text$_ZSt8_DestroyIPiEvT_S1_
                0x00000001400044f0       0x30 C:\Users\sara\AppData\Local\Temp\cckXUanX.o
                0x00000001400044f0                void std::_Destroy<int*>(int*, int*)
 .text$_ZSt8_DestroyIPiiEvT_S1_RSaIT0_E
                0x0000000140004520       0x30 C:\Users\sara\AppData\Local\Temp\cckXUanX.o
                0x0000000140004520                void std::_Destroy<int*, int>(int*, int*, std::allocator<int>&)
 .text$_ZSt8distanceIPKcENSt15iterator_traitsIT_E15difference_typeES3_S3_
                0x0000000140004550       0x40 C:\Users\sara\AppData\Local\Temp\cckXUanX.o
                0x0000000140004550                std::iterator_traits<char const*>::difference_type std::distance<char const*>(char const*, char const*)
 .text$_ZSt9__find_ifIN9__gnu_cxx17__normal_iteratorIPcNSt7__cxx1112basic_stringIcSt11char_traitsIcESaIcEEEEENS0_5__ops16_Iter_equals_valIKcEEET_SE_SE_T0_
                0x0000000140004590       0x50 C:\Users\sara\AppData\Local\Temp\cckXUanX.o
                0x0000000140004590                __gnu_cxx::__normal_iterator<char*, std::__cxx11::basic_string<char, std::char_traits<char>, std::allocator<char> > > std::__find_if<__gnu_cxx::__normal_iterator<char*, std::__cxx11::basic_string<char, std::char_traits<char>, std::allocator<char> > >, __gnu_cxx::__ops::_Iter_equals_val<char const> >(__gnu_cxx::__normal_iterator<char*, std::__cxx11::basic_string<char, std::char_traits<char>, std::allocator<char> > >, __gnu_cxx::__normal_iterator<char*, std::__cxx11::basic_string<char, std::char_traits<char>, std::allocator<char> > >, __gnu_cxx::__ops::_Iter_equals_val<char const>)
 .text$_ZSt9__find_ifIN9__gnu_cxx17__normal_iteratorIPcNSt7__cxx1112basic_stringIcSt11char_traitsIcESaIcEEEEENS0_5__ops16_Iter_equals_valIKcEEET_SE_SE_T0_St26random_access_iterator_tag
                0x00000001400045e0      0x180 C:\Users\sara\AppData\Local\Temp\cckXUanX.o
                0x00000001400045e0                __gnu_cxx::__normal_iterator<char*, std::__cxx11::basic_string<char, std::char_traits<char>, std::allocator<char> > > std::__find_if<__gnu_cxx::__normal_iterator<char*, std::__cxx11::basic_string<char, std::char_traits<char>, std::allocator<char> > >, __gnu_cxx::__ops::_Iter_equals_val<char const> >(__gnu_cxx::__normal_iterator<char*, std::__cxx11::basic_string<char, std::char_traits<char>, std::allocator<char> > >, __gnu_cxx::__normal_iterator<char*, std::__cxx11::basic_string<char, std::char_traits<char>, std::allocator<char> > >, __gnu_cxx::__ops::_Iter_equals_val<char const>, std::random_access_iterator_tag)
 .text$_ZSteqIcSt11char_traitsIcESaIcEEbRKNSt7__cxx1112basic_stringIT_T0_T1_EEPKS5_
                0x0000000140004760       0x30 C:\Users\sara\AppData\Local\Temp\cckXUanX.o
                0x0000000140004760                bool std::operator==<char, std::char_traits<char>, std::allocator<char> >(std::__cxx11::basic_string<char, std::char_traits<char>, std::allocator<char> > const&, char const*)
 .text$_ZStorSt13_Ios_OpenmodeS_
                0x0000000140004790       0x20 C:\Users\sara\AppData\Local\Temp\cckXUanX.o
                0x0000000140004790                std::operator|(std::_Ios_Openmode, std::_Ios_Openmode)
 .text$_ZnwyPv  0x00000001400047b0       0x20 C:\Users\sara\AppData\Local\Temp\cckXUanX.o
                0x00000001400047b0                operator new(unsigned long long, void*)
 *(.text.*)
 .text.startup  0x00000001400047d0       0x10 D:/Programs/msys64/msys64/mingw64/bin/../lib/gcc/x86_64-w64-mingw32/11.2.0/crtend.o
 *(.gnu.linkonce.t.*)
 *(.glue_7t)
 *(.glue_7)
                0x00000001400047e0                . = ALIGN (0x8)
                0x00000001400047e0                ___CTOR_LIST__ = .
                0x00000001400047e0                __CTOR_LIST__ = .
                0x00000001400047e0        0x4 LONG 0xffffffffffffffff
                0x00000001400047e4        0x4 LONG 0xffffffffffffffff
 *(.ctors)
 .ctors         0x00000001400047e8        0x8 C:\Users\sara\AppData\Local\Temp\cckXUanX.o
 *(.ctor)
 *(SORT_BY_NAME(.ctors.*))
 .ctors.65535   0x00000001400047f0        0x8 D:/Programs/msys64/msys64/mingw64/bin/../lib/gcc/x86_64-w64-mingw32/11.2.0/crtend.o
                0x00000001400047f8        0x4 LONG 0x0
                0x00000001400047fc        0x4 LONG 0x0
                0x0000000140004800                ___DTOR_LIST__ = .
                0x0000000140004800                __DTOR_LIST__ = .
                0x0000000140004800        0x4 LONG 0xffffffffffffffff
                0x0000000140004804        0x4 LONG 0xffffffffffffffff
 *(.dtors)
 *(.dtor)
 *(SORT_BY_NAME(.dtors.*))
                0x0000000140004808        0x4 LONG 0x0
                0x000000014000480c        0x4 LONG 0x0
 *(SORT_NONE(.fini))
 *(.gcc_exc)
                [!provide]                        PROVIDE (etext = .)
 *(.gcc_except_table)

.data           0x0000000140005000      0x200
                0x0000000140005000                __data_start__ = .
 *(.data)
 .data          0x0000000140005000       0x10 D:/Programs/msys64/msys64/mingw64/bin/../lib/gcc/x86_64-w64-mingw32/11.2.0/../../../../x86_64-w64-mingw32/lib/../lib/crt2.o
                0x0000000140005000                __mingw_winmain_nShowCmd
 .data          0x0000000140005010        0x0 D:/Programs/msys64/msys64/mingw64/bin/../lib/gcc/x86_64-w64-mingw32/11.2.0/crtbegin.o
 .data          0x0000000140005010        0x0 C:\Users\sara\AppData\Local\Temp\cckXUanX.o
 .data          0x0000000140005010       0x10 D:/Programs/msys64/msys64/mingw64/bin/../lib/gcc/x86_64-w64-mingw32/11.2.0/../../../../x86_64-w64-mingw32/lib/../lib/libmingw32.a(lib64_libmingw32_a-gccmain.o)
 .data          0x0000000140005020       0x10 D:/Programs/msys64/msys64/mingw64/bin/../lib/gcc/x86_64-w64-mingw32/11.2.0/../../../../x86_64-w64-mingw32/lib/../lib/libmingw32.a(lib64_libmingw32_a-natstart.o)
                0x0000000140005020                __native_vcclrit_reason
                0x0000000140005024                __native_dllmain_reason
 .data          0x0000000140005030       0x10 D:/Programs/msys64/msys64/mingw64/bin/../lib/gcc/x86_64-w64-mingw32/11.2.0/../../../../x86_64-w64-mingw32/lib/../lib/libmingw32.a(lib64_libmingw32_a-wildcard.o)
                0x0000000140005030                _dowildcard
 .data          0x0000000140005040        0x0 D:/Programs/msys64/msys64/mingw64/bin/../lib/gcc/x86_64-w64-mingw32/11.2.0/../../../../x86_64-w64-mingw32/lib/../lib/libmingw32.a(lib64_libmingw32_a-dllargv.o)
 .data          0x0000000140005040        0x0 D:/Programs/msys64/msys64/mingw64/bin/../lib/gcc/x86_64-w64-mingw32/11.2.0/../../../../x86_64-w64-mingw32/lib/../lib/libmingw32.a(lib64_libmingw32_a-_newmode.o)
 .data          0x0000000140005040        0x0 D:/Programs/msys64/msys64/mingw64/bin/../lib/gcc/x86_64-w64-mingw32/11.2.0/../../../../x86_64-w64-mingw32/lib/../lib/libmingw32.a(lib64_libmingw32_a-tlssup.o)
 .data          0x0000000140005040        0x0 D:/Programs/msys64/msys64/mingw64/bin/../lib/gcc/x86_64-w64-mingw32/11.2.0/../../../../x86_64-w64-mingw32/lib/../lib/libmingw32.a(lib64_libmingw32_a-xncommod.o)
 .data          0x0000000140005040        0x0 D:/Programs/msys64/msys64/mingw64/bin/../lib/gcc/x86_64-w64-mingw32/11.2.0/../../../../x86_64-w64-mingw32/lib/../lib/libmingw32.a(lib64_libmingw32_a-cinitexe.o)
 .data          0x0000000140005040        0x0 D:/Programs/msys64/msys64/mingw64/bin/../lib/gcc/x86_64-w64-mingw32/11.2.0/../../../../x86_64-w64-mingw32/lib/../lib/libmingw32.a(lib64_libmingw32_a-merr.o)
 .data          0x0000000140005040        0x0 D:/Programs/msys64/msys64/mingw64/bin/../lib/gcc/x86_64-w64-mingw32/11.2.0/../../../../x86_64-w64-mingw32/lib/../lib/libmingw32.a(lib64_libmingw32_a-CRT_fp10.o)
 .data          0x0000000140005040        0x0 D:/Programs/msys64/msys64/mingw64/bin/../lib/gcc/x86_64-w64-mingw32/11.2.0/../../../../x86_64-w64-mingw32/lib/../lib/libmingw32.a(lib64_libmingw32_a-mingw_helpers.o)
 .data          0x0000000140005040        0x0 D:/Programs/msys64/msys64/mingw64/bin/../lib/gcc/x86_64-w64-mingw32/11.2.0/../../../../x86_64-w64-mingw32/lib/../lib/libmingw32.a(lib64_libmingw32_a-pseudo-reloc.o)
 .data          0x0000000140005040        0x0 D:/Programs/msys64/msys64/mingw64/bin/../lib/gcc/x86_64-w64-mingw32/11.2.0/../../../../x86_64-w64-mingw32/lib/../lib/libmingw32.a(lib64_libmingw32_a-usermatherr.o)
 .data          0x0000000140005040        0x0 D:/Programs/msys64/msys64/mingw64/bin/../lib/gcc/x86_64-w64-mingw32/11.2.0/../../../../x86_64-w64-mingw32/lib/../lib/libmingw32.a(lib64_libmingw32_a-xtxtmode.o)
 .data          0x0000000140005040        0x0 D:/Programs/msys64/msys64/mingw64/bin/../lib/gcc/x86_64-w64-mingw32/11.2.0/../../../../x86_64-w64-mingw32/lib/../lib/libmingw32.a(lib64_libmingw32_a-crt_handler.o)
 .data          0x0000000140005040        0x0 D:/Programs/msys64/msys64/mingw64/bin/../lib/gcc/x86_64-w64-mingw32/11.2.0/../../../../x86_64-w64-mingw32/lib/../lib/libmingw32.a(lib64_libmingw32_a-tlsthrd.o)
 .data          0x0000000140005040       0x10 D:/Programs/msys64/msys64/mingw64/bin/../lib/gcc/x86_64-w64-mingw32/11.2.0/../../../../x86_64-w64-mingw32/lib/../lib/libmingw32.a(lib64_libmingw32_a-tlsmcrt.o)
                0x0000000140005040                _CRT_MT
 .data          0x0000000140005050        0x0 D:/Programs/msys64/msys64/mingw64/bin/../lib/gcc/x86_64-w64-mingw32/11.2.0/../../../../x86_64-w64-mingw32/lib/../lib/libmingw32.a(lib64_libmingw32_a-pseudo-reloc-list.o)
 .data          0x0000000140005050        0x0 D:/Programs/msys64/msys64/mingw64/bin/../lib/gcc/x86_64-w64-mingw32/11.2.0/../../../../x86_64-w64-mingw32/lib/../lib/libmingw32.a(lib64_libmingw32_a-pesect.o)
 .data          0x0000000140005050        0x0 D:/Programs/msys64/msys64/mingw64/bin/../lib/gcc/x86_64-w64-mingw32/11.2.0/libgcc.a(_chkstk_ms.o)
 .data          0x0000000140005050        0x0 D:/Programs/msys64/msys64/mingw64/bin/../lib/gcc/x86_64-w64-mingw32/11.2.0/libgcc.a(_ctors.o)
 .data          0x0000000140005050       0x10 D:/Programs/msys64/msys64/mingw64/bin/../lib/gcc/x86_64-w64-mingw32/11.2.0/../../../../x86_64-w64-mingw32/lib/../lib/libmingwex.a(lib64_libmingwex_a-mingw_matherr.o)
                0x0000000140005050                _MINGW_INSTALL_DEBUG_MATHERR
 .data          0x0000000140005060       0x10 D:/Programs/msys64/msys64/mingw64/bin/../lib/gcc/x86_64-w64-mingw32/11.2.0/../../../../x86_64-w64-mingw32/lib/../lib/libmsvcrt.a(lib64_libmsvcrt_extra_a-__p__fmode.o)
                0x0000000140005060                __imp___p__fmode
 .data          0x0000000140005070       0x10 D:/Programs/msys64/msys64/mingw64/bin/../lib/gcc/x86_64-w64-mingw32/11.2.0/../../../../x86_64-w64-mingw32/lib/../lib/libmsvcrt.a(lib64_libmsvcrt_extra_a-__p__commode.o)
                0x0000000140005070                __imp___p__commode
 .data          0x0000000140005080       0x10 D:/Programs/msys64/msys64/mingw64/bin/../lib/gcc/x86_64-w64-mingw32/11.2.0/../../../../x86_64-w64-mingw32/lib/../lib/libmsvcrt.a(lib64_libmsvcrt_extra_a-__p__acmdln.o)
                0x0000000140005080                __imp___p__acmdln
 .data          0x0000000140005090       0x10 D:/Programs/msys64/msys64/mingw64/bin/../lib/gcc/x86_64-w64-mingw32/11.2.0/../../../../x86_64-w64-mingw32/lib/../lib/libmsvcrt.a(lib64_libmsvcrt_extra_a-invalid_parameter_handler.o)
                0x0000000140005090                __imp__get_invalid_parameter_handler
                0x0000000140005098                __imp__set_invalid_parameter_handler
 .data          0x00000001400050a0       0x10 D:/Programs/msys64/msys64/mingw64/bin/../lib/gcc/x86_64-w64-mingw32/11.2.0/../../../../x86_64-w64-mingw32/lib/../lib/libmsvcrt.a(lib64_libmsvcrt_common_a-acrt_iob_func.o)
                0x00000001400050a0                __imp___acrt_iob_func
 .data          0x00000001400050b0        0x0 D:/Programs/msys64/msys64/mingw64/bin/../lib/gcc/x86_64-w64-mingw32/11.2.0/../../../../x86_64-w64-mingw32/lib/../lib/libmsvcrt.a(libmsvcrt_defs00055.o)
 .data          0x00000001400050b0        0x0 D:/Programs/msys64/msys64/mingw64/bin/../lib/gcc/x86_64-w64-mingw32/11.2.0/../../../../x86_64-w64-mingw32/lib/../lib/libmsvcrt.a(libmsvcrt_defs00081.o)
 .data          0x00000001400050b0        0x0 D:/Programs/msys64/msys64/mingw64/bin/../lib/gcc/x86_64-w64-mingw32/11.2.0/../../../../x86_64-w64-mingw32/lib/../lib/libmsvcrt.a(libmsvcrt_defs00082.o)
 .data          0x00000001400050b0        0x0 D:/Programs/msys64/msys64/mingw64/bin/../lib/gcc/x86_64-w64-mingw32/11.2.0/../../../../x86_64-w64-mingw32/lib/../lib/libmsvcrt.a(libmsvcrt_defs00083.o)
 .data          0x00000001400050b0        0x0 D:/Programs/msys64/msys64/mingw64/bin/../lib/gcc/x86_64-w64-mingw32/11.2.0/../../../../x86_64-w64-mingw32/lib/../lib/libmsvcrt.a(libmsvcrt_defs00097.o)
 .data          0x00000001400050b0        0x0 D:/Programs/msys64/msys64/mingw64/bin/../lib/gcc/x86_64-w64-mingw32/11.2.0/../../../../x86_64-w64-mingw32/lib/../lib/libmsvcrt.a(libmsvcrt_defs00099.o)
 .data          0x00000001400050b0        0x0 D:/Programs/msys64/msys64/mingw64/bin/../lib/gcc/x86_64-w64-mingw32/11.2.0/../../../../x86_64-w64-mingw32/lib/../lib/libmsvcrt.a(libmsvcrt_defs00116.o)
 .data          0x00000001400050b0        0x0 D:/Programs/msys64/msys64/mingw64/bin/../lib/gcc/x86_64-w64-mingw32/11.2.0/../../../../x86_64-w64-mingw32/lib/../lib/libmsvcrt.a(libmsvcrt_defs00123.o)
 .data          0x00000001400050b0        0x0 D:/Programs/msys64/msys64/mingw64/bin/../lib/gcc/x86_64-w64-mingw32/11.2.0/../../../../x86_64-w64-mingw32/lib/../lib/libmsvcrt.a(libmsvcrt_defs00141.o)
 .data          0x00000001400050b0        0x0 D:/Programs/msys64/msys64/mingw64/bin/../lib/gcc/x86_64-w64-mingw32/11.2.0/../../../../x86_64-w64-mingw32/lib/../lib/libmsvcrt.a(libmsvcrt_defs00157.o)
 .data          0x00000001400050b0        0x0 D:/Programs/msys64/msys64/mingw64/bin/../lib/gcc/x86_64-w64-mingw32/11.2.0/../../../../x86_64-w64-mingw32/lib/../lib/libmsvcrt.a(libmsvcrt_defs00254.o)
 .data          0x00000001400050b0        0x0 D:/Programs/msys64/msys64/mingw64/bin/../lib/gcc/x86_64-w64-mingw32/11.2.0/../../../../x86_64-w64-mingw32/lib/../lib/libmsvcrt.a(libmsvcrt_defs00332.o)
 .data          0x00000001400050b0        0x0 D:/Programs/msys64/msys64/mingw64/bin/../lib/gcc/x86_64-w64-mingw32/11.2.0/../../../../x86_64-w64-mingw32/lib/../lib/libmsvcrt.a(libmsvcrt_defs00614.o)
 .data          0x00000001400050b0        0x0 D:/Programs/msys64/msys64/mingw64/bin/../lib/gcc/x86_64-w64-mingw32/11.2.0/../../../../x86_64-w64-mingw32/lib/../lib/libmsvcrt.a(libmsvcrt_defs01038.o)
 .data          0x00000001400050b0        0x0 D:/Programs/msys64/msys64/mingw64/bin/../lib/gcc/x86_64-w64-mingw32/11.2.0/../../../../x86_64-w64-mingw32/lib/../lib/libmsvcrt.a(libmsvcrt_defs01056.o)
 .data          0x00000001400050b0        0x0 D:/Programs/msys64/msys64/mingw64/bin/../lib/gcc/x86_64-w64-mingw32/11.2.0/../../../../x86_64-w64-mingw32/lib/../lib/libmsvcrt.a(libmsvcrt_defs01069.o)
 .data          0x00000001400050b0        0x0 D:/Programs/msys64/msys64/mingw64/bin/../lib/gcc/x86_64-w64-mingw32/11.2.0/../../../../x86_64-w64-mingw32/lib/../lib/libmsvcrt.a(libmsvcrt_defs01090.o)
 .data          0x00000001400050b0        0x0 D:/Programs/msys64/msys64/mingw64/bin/../lib/gcc/x86_64-w64-mingw32/11.2.0/../../../../x86_64-w64-mingw32/lib/../lib/libmsvcrt.a(libmsvcrt_defs01097.o)
 .data          0x00000001400050b0        0x0 D:/Programs/msys64/msys64/mingw64/bin/../lib/gcc/x86_64-w64-mingw32/11.2.0/../../../../x86_64-w64-mingw32/lib/../lib/libmsvcrt.a(libmsvcrt_defs01110.o)
 .data          0x00000001400050b0        0x0 D:/Programs/msys64/msys64/mingw64/bin/../lib/gcc/x86_64-w64-mingw32/11.2.0/../../../../x86_64-w64-mingw32/lib/../lib/libmsvcrt.a(libmsvcrt_defs01158.o)
 .data          0x00000001400050b0        0x0 D:/Programs/msys64/msys64/mingw64/bin/../lib/gcc/x86_64-w64-mingw32/11.2.0/../../../../x86_64-w64-mingw32/lib/../lib/libmsvcrt.a(libmsvcrt_defs01166.o)
 .data          0x00000001400050b0        0x0 D:/Programs/msys64/msys64/mingw64/bin/../lib/gcc/x86_64-w64-mingw32/11.2.0/../../../../x86_64-w64-mingw32/lib/../lib/libmsvcrt.a(libmsvcrt_defs01167.o)
 .data          0x00000001400050b0        0x0 D:/Programs/msys64/msys64/mingw64/bin/../lib/gcc/x86_64-w64-mingw32/11.2.0/../../../../x86_64-w64-mingw32/lib/../lib/libmsvcrt.a(libmsvcrt_defs01198.o)
 .data          0x00000001400050b0        0x0 D:/Programs/msys64/msys64/mingw64/bin/../lib/gcc/x86_64-w64-mingw32/11.2.0/../../../../x86_64-w64-mingw32/lib/../lib/libmsvcrt.a(libmsvcrt_defs01221.o)
 .data          0x00000001400050b0        0x0 D:/Programs/msys64/msys64/mingw64/bin/../lib/gcc/x86_64-w64-mingw32/11.2.0/../../../../x86_64-w64-mingw32/lib/../lib/libmsvcrt.a(libmsvcrt_defs01224.o)
 .data          0x00000001400050b0        0x0 D:/Programs/msys64/msys64/mingw64/bin/../lib/gcc/x86_64-w64-mingw32/11.2.0/../../../../x86_64-w64-mingw32/lib/../lib/libmsvcrt.a(libmsvcrt_defs01259.o)
 .data          0x00000001400050b0        0x0 D:/Programs/msys64/msys64/mingw64/bin/../lib/gcc/x86_64-w64-mingw32/11.2.0/../../../../x86_64-w64-mingw32/lib/../lib/libmsvcrt.a(libmsvcrt_defh.o)
 .data          0x00000001400050b0        0x0 D:/Programs/msys64/msys64/mingw64/bin/../lib/gcc/x86_64-w64-mingw32/11.2.0/../../../../x86_64-w64-mingw32/lib/../lib/libmsvcrt.a(libmsvcrt_deft.o)
 .data          0x00000001400050b0        0x0 D:/Programs/msys64/msys64/mingw64/bin/../lib/gcc/x86_64-w64-mingw32/11.2.0/../../../../x86_64-w64-mingw32/lib/../lib/libkernel32.a(libkernel32s01493.o)
 .data          0x00000001400050b0        0x0 D:/Programs/msys64/msys64/mingw64/bin/../lib/gcc/x86_64-w64-mingw32/11.2.0/../../../../x86_64-w64-mingw32/lib/../lib/libkernel32.a(libkernel32s01491.o)
 .data          0x00000001400050b0        0x0 D:/Programs/msys64/msys64/mingw64/bin/../lib/gcc/x86_64-w64-mingw32/11.2.0/../../../../x86_64-w64-mingw32/lib/../lib/libkernel32.a(libkernel32s01444.o)
 .data          0x00000001400050b0        0x0 D:/Programs/msys64/msys64/mingw64/bin/../lib/gcc/x86_64-w64-mingw32/11.2.0/../../../../x86_64-w64-mingw32/lib/../lib/libkernel32.a(libkernel32s01409.o)
 .data          0x00000001400050b0        0x0 D:/Programs/msys64/msys64/mingw64/bin/../lib/gcc/x86_64-w64-mingw32/11.2.0/../../../../x86_64-w64-mingw32/lib/../lib/libkernel32.a(libkernel32s01393.o)
 .data          0x00000001400050b0        0x0 D:/Programs/msys64/msys64/mingw64/bin/../lib/gcc/x86_64-w64-mingw32/11.2.0/../../../../x86_64-w64-mingw32/lib/../lib/libkernel32.a(libkernel32s00983.o)
 .data          0x00000001400050b0        0x0 D:/Programs/msys64/msys64/mingw64/bin/../lib/gcc/x86_64-w64-mingw32/11.2.0/../../../../x86_64-w64-mingw32/lib/../lib/libkernel32.a(libkernel32s00891.o)
 .data          0x00000001400050b0        0x0 D:/Programs/msys64/msys64/mingw64/bin/../lib/gcc/x86_64-w64-mingw32/11.2.0/../../../../x86_64-w64-mingw32/lib/../lib/libkernel32.a(libkernel32s00742.o)
 .data          0x00000001400050b0        0x0 D:/Programs/msys64/msys64/mingw64/bin/../lib/gcc/x86_64-w64-mingw32/11.2.0/../../../../x86_64-w64-mingw32/lib/../lib/libkernel32.a(libkernel32s00629.o)
 .data          0x00000001400050b0        0x0 D:/Programs/msys64/msys64/mingw64/bin/../lib/gcc/x86_64-w64-mingw32/11.2.0/../../../../x86_64-w64-mingw32/lib/../lib/libkernel32.a(libkernel32s00318.o)
 .data          0x00000001400050b0        0x0 D:/Programs/msys64/msys64/mingw64/bin/../lib/gcc/x86_64-w64-mingw32/11.2.0/../../../../x86_64-w64-mingw32/lib/../lib/libkernel32.a(libkernel32s00282.o)
 .data          0x00000001400050b0        0x0 D:/Programs/msys64/msys64/mingw64/bin/../lib/gcc/x86_64-w64-mingw32/11.2.0/../../../../x86_64-w64-mingw32/lib/../lib/libkernel32.a(libkernel32h.o)
 .data          0x00000001400050b0        0x0 D:/Programs/msys64/msys64/mingw64/bin/../lib/gcc/x86_64-w64-mingw32/11.2.0/../../../../x86_64-w64-mingw32/lib/../lib/libkernel32.a(libkernel32t.o)
 .data          0x00000001400050b0        0x0 D:/Programs/msys64/msys64/mingw64/bin/../lib/gcc/x86_64-w64-mingw32/11.2.0/crtend.o
 *(.data2)
 *(SORT_BY_NAME(.data$*))
 *(.jcr)
                0x00000001400050b0                __data_end__ = .
 *(.data_cygwin_nocopy)

.rdata          0x0000000140006000      0xe00
 *(.rdata)
 .rdata         0x0000000140006000      0x140 C:\Users\sara\AppData\Local\Temp\cckXUanX.o
 .rdata         0x0000000140006140       0x60 D:/Programs/msys64/msys64/mingw64/bin/../lib/gcc/x86_64-w64-mingw32/11.2.0/../../../../x86_64-w64-mingw32/lib/../lib/libmingw32.a(lib64_libmingw32_a-tlssup.o)
                0x0000000140006140                __dyn_tls_init_callback
                0x0000000140006160                _tls_used
 .rdata         0x00000001400061a0      0x140 D:/Programs/msys64/msys64/mingw64/bin/../lib/gcc/x86_64-w64-mingw32/11.2.0/../../../../x86_64-w64-mingw32/lib/../lib/libmingw32.a(lib64_libmingw32_a-merr.o)
 .rdata         0x00000001400062e0      0x160 D:/Programs/msys64/msys64/mingw64/bin/../lib/gcc/x86_64-w64-mingw32/11.2.0/../../../../x86_64-w64-mingw32/lib/../lib/libmingw32.a(lib64_libmingw32_a-pseudo-reloc.o)
 .rdata         0x0000000140006440       0x30 D:/Programs/msys64/msys64/mingw64/bin/../lib/gcc/x86_64-w64-mingw32/11.2.0/../../../../x86_64-w64-mingw32/lib/../lib/libmingw32.a(lib64_libmingw32_a-crt_handler.o)
 .rdata         0x0000000140006470        0x8 ertr000001.o
 *(SORT_BY_NAME(.rdata$*))
 *fill*         0x0000000140006478        0x8 
 .rdata$.refptr._CRT_MT
                0x0000000140006480       0x10 D:/Programs/msys64/msys64/mingw64/bin/../lib/gcc/x86_64-w64-mingw32/11.2.0/../../../../x86_64-w64-mingw32/lib/../lib/libmingw32.a(lib64_libmingw32_a-tlssup.o)
                0x0000000140006480                .refptr._CRT_MT
 .rdata$.refptr._MINGW_INSTALL_DEBUG_MATHERR
                0x0000000140006490       0x10 D:/Programs/msys64/msys64/mingw64/bin/../lib/gcc/x86_64-w64-mingw32/11.2.0/../../../../x86_64-w64-mingw32/lib/../lib/crt2.o
                0x0000000140006490                .refptr._MINGW_INSTALL_DEBUG_MATHERR
 .rdata$.refptr._ZSt4cout
                0x00000001400064a0       0x10 C:\Users\sara\AppData\Local\Temp\cckXUanX.o
                0x00000001400064a0                __fu0__ZSt4cout
                0x00000001400064a0                .refptr._ZSt4cout
 .rdata$.refptr.__CTOR_LIST__
                0x00000001400064b0       0x10 D:/Programs/msys64/msys64/mingw64/bin/../lib/gcc/x86_64-w64-mingw32/11.2.0/../../../../x86_64-w64-mingw32/lib/../lib/libmingw32.a(lib64_libmingw32_a-gccmain.o)
                0x00000001400064b0                .refptr.__CTOR_LIST__
 .rdata$.refptr.__RUNTIME_PSEUDO_RELOC_LIST_END__
                0x00000001400064c0       0x10 D:/Programs/msys64/msys64/mingw64/bin/../lib/gcc/x86_64-w64-mingw32/11.2.0/../../../../x86_64-w64-mingw32/lib/../lib/libmingw32.a(lib64_libmingw32_a-pseudo-reloc.o)
                0x00000001400064c0                .refptr.__RUNTIME_PSEUDO_RELOC_LIST_END__
 .rdata$.refptr.__RUNTIME_PSEUDO_RELOC_LIST__
                0x00000001400064d0       0x10 D:/Programs/msys64/msys64/mingw64/bin/../lib/gcc/x86_64-w64-mingw32/11.2.0/../../../../x86_64-w64-mingw32/lib/../lib/libmingw32.a(lib64_libmingw32_a-pseudo-reloc.o)
                0x00000001400064d0                .refptr.__RUNTIME_PSEUDO_RELOC_LIST__
 .rdata$.refptr.__dyn_tls_init_callback
                0x00000001400064e0       0x10 D:/Programs/msys64/msys64/mingw64/bin/../lib/gcc/x86_64-w64-mingw32/11.2.0/../../../../x86_64-w64-mingw32/lib/../lib/crt2.o
                0x00000001400064e0                .refptr.__dyn_tls_init_callback
 .rdata$.refptr.__image_base__
                0x00000001400064f0       0x10 D:/Programs/msys64/msys64/mingw64/bin/../lib/gcc/x86_64-w64-mingw32/11.2.0/../../../../x86_64-w64-mingw32/lib/../lib/crt2.o
                0x00000001400064f0                .refptr.__image_base__
 .rdata$.refptr.__imp___initenv
                0x0000000140006500       0x10 D:/Programs/msys64/msys64/mingw64/bin/../lib/gcc/x86_64-w64-mingw32/11.2.0/../../../../x86_64-w64-mingw32/lib/../lib/crt2.o
                0x0000000140006500                .refptr.__imp___initenv
 .rdata$.refptr.__imp__acmdln
                0x0000000140006510       0x10 D:/Programs/msys64/msys64/mingw64/bin/../lib/gcc/x86_64-w64-mingw32/11.2.0/../../../../x86_64-w64-mingw32/lib/../lib/libmsvcrt.a(lib64_libmsvcrt_extra_a-__p__acmdln.o)
                0x0000000140006510                .refptr.__imp__acmdln
 .rdata$.refptr.__imp__commode
                0x0000000140006520       0x10 D:/Programs/msys64/msys64/mingw64/bin/../lib/gcc/x86_64-w64-mingw32/11.2.0/../../../../x86_64-w64-mingw32/lib/../lib/libmsvcrt.a(lib64_libmsvcrt_extra_a-__p__commode.o)
                0x0000000140006520                .refptr.__imp__commode
 .rdata$.refptr.__imp__fmode
                0x0000000140006530       0x10 D:/Programs/msys64/msys64/mingw64/bin/../lib/gcc/x86_64-w64-mingw32/11.2.0/../../../../x86_64-w64-mingw32/lib/../lib/libmsvcrt.a(lib64_libmsvcrt_extra_a-__p__fmode.o)
                0x0000000140006530                .refptr.__imp__fmode
 .rdata$.refptr.__mingw_app_type
                0x0000000140006540       0x10 D:/Programs/msys64/msys64/mingw64/bin/../lib/gcc/x86_64-w64-mingw32/11.2.0/../../../../x86_64-w64-mingw32/lib/../lib/crt2.o
                0x0000000140006540                .refptr.__mingw_app_type
 .rdata$.refptr.__mingw_initltsdrot_force
                0x0000000140006550       0x10 D:/Programs/msys64/msys64/mingw64/bin/../lib/gcc/x86_64-w64-mingw32/11.2.0/../../../../x86_64-w64-mingw32/lib/../lib/crt2.o
                0x0000000140006550                .refptr.__mingw_initltsdrot_force
 .rdata$.refptr.__mingw_initltsdyn_force
                0x0000000140006560       0x10 D:/Programs/msys64/msys64/mingw64/bin/../lib/gcc/x86_64-w64-mingw32/11.2.0/../../../../x86_64-w64-mingw32/lib/../lib/crt2.o
                0x0000000140006560                .refptr.__mingw_initltsdyn_force
 .rdata$.refptr.__mingw_initltssuo_force
                0x0000000140006570       0x10 D:/Programs/msys64/msys64/mingw64/bin/../lib/gcc/x86_64-w64-mingw32/11.2.0/../../../../x86_64-w64-mingw32/lib/../lib/crt2.o
                0x0000000140006570                .refptr.__mingw_initltssuo_force
 .rdata$.refptr.__mingw_oldexcpt_handler
                0x0000000140006580       0x10 D:/Programs/msys64/msys64/mingw64/bin/../lib/gcc/x86_64-w64-mingw32/11.2.0/../../../../x86_64-w64-mingw32/lib/../lib/crt2.o
                0x0000000140006580                .refptr.__mingw_oldexcpt_handler
 .rdata$.refptr.__native_startup_lock
                0x0000000140006590       0x10 D:/Programs/msys64/msys64/mingw64/bin/../lib/gcc/x86_64-w64-mingw32/11.2.0/../../../../x86_64-w64-mingw32/lib/../lib/crt2.o
                0x0000000140006590                .refptr.__native_startup_lock
 .rdata$.refptr.__native_startup_state
                0x00000001400065a0       0x10 D:/Programs/msys64/msys64/mingw64/bin/../lib/gcc/x86_64-w64-mingw32/11.2.0/../../../../x86_64-w64-mingw32/lib/../lib/crt2.o
                0x00000001400065a0                .refptr.__native_startup_state
 .rdata$.refptr.__xc_a
                0x00000001400065b0       0x10 D:/Programs/msys64/msys64/mingw64/bin/../lib/gcc/x86_64-w64-mingw32/11.2.0/../../../../x86_64-w64-mingw32/lib/../lib/crt2.o
                0x00000001400065b0                .refptr.__xc_a
 .rdata$.refptr.__xc_z
                0x00000001400065c0       0x10 D:/Programs/msys64/msys64/mingw64/bin/../lib/gcc/x86_64-w64-mingw32/11.2.0/../../../../x86_64-w64-mingw32/lib/../lib/crt2.o
                0x00000001400065c0                .refptr.__xc_z
 .rdata$.refptr.__xi_a
                0x00000001400065d0       0x10 D:/Programs/msys64/msys64/mingw64/bin/../lib/gcc/x86_64-w64-mingw32/11.2.0/../../../../x86_64-w64-mingw32/lib/../lib/crt2.o
                0x00000001400065d0                .refptr.__xi_a
 .rdata$.refptr.__xi_z
                0x00000001400065e0       0x10 D:/Programs/msys64/msys64/mingw64/bin/../lib/gcc/x86_64-w64-mingw32/11.2.0/../../../../x86_64-w64-mingw32/lib/../lib/crt2.o
                0x00000001400065e0                .refptr.__xi_z
 .rdata$.refptr._commode
                0x00000001400065f0       0x10 D:/Programs/msys64/msys64/mingw64/bin/../lib/gcc/x86_64-w64-mingw32/11.2.0/../../../../x86_64-w64-mingw32/lib/../lib/crt2.o
                0x00000001400065f0                .refptr._commode
 .rdata$.refptr._dowildcard
                0x0000000140006600       0x10 D:/Programs/msys64/msys64/mingw64/bin/../lib/gcc/x86_64-w64-mingw32/11.2.0/../../../../x86_64-w64-mingw32/lib/../lib/crt2.o
                0x0000000140006600                .refptr._dowildcard
 .rdata$.refptr._fmode
                0x0000000140006610       0x10 D:/Programs/msys64/msys64/mingw64/bin/../lib/gcc/x86_64-w64-mingw32/11.2.0/../../../../x86_64-w64-mingw32/lib/../lib/crt2.o
                0x0000000140006610                .refptr._fmode
 .rdata$.refptr._gnu_exception_handler
                0x0000000140006620       0x10 D:/Programs/msys64/msys64/mingw64/bin/../lib/gcc/x86_64-w64-mingw32/11.2.0/../../../../x86_64-w64-mingw32/lib/../lib/crt2.o
                0x0000000140006620                .refptr._gnu_exception_handler
 .rdata$.refptr._matherr
                0x0000000140006630       0x10 D:/Programs/msys64/msys64/mingw64/bin/../lib/gcc/x86_64-w64-mingw32/11.2.0/../../../../x86_64-w64-mingw32/lib/../lib/crt2.o
                0x0000000140006630                .refptr._matherr
 .rdata$.refptr._newmode
                0x0000000140006640       0x10 D:/Programs/msys64/msys64/mingw64/bin/../lib/gcc/x86_64-w64-mingw32/11.2.0/../../../../x86_64-w64-mingw32/lib/../lib/crt2.o
                0x0000000140006640                .refptr._newmode
 .rdata$zzz     0x0000000140006650       0x30 D:/Programs/msys64/msys64/mingw64/bin/../lib/gcc/x86_64-w64-mingw32/11.2.0/../../../../x86_64-w64-mingw32/lib/../lib/crt2.o
 .rdata$zzz     0x0000000140006680       0x30 D:/Programs/msys64/msys64/mingw64/bin/../lib/gcc/x86_64-w64-mingw32/11.2.0/crtbegin.o
 .rdata$zzz     0x00000001400066b0       0x30 C:\Users\sara\AppData\Local\Temp\cckXUanX.o
 .rdata$zzz     0x00000001400066e0       0x30 D:/Programs/msys64/msys64/mingw64/bin/../lib/gcc/x86_64-w64-mingw32/11.2.0/../../../../x86_64-w64-mingw32/lib/../lib/libmingw32.a(lib64_libmingw32_a-gccmain.o)
 .rdata$zzz     0x0000000140006710       0x30 D:/Programs/msys64/msys64/mingw64/bin/../lib/gcc/x86_64-w64-mingw32/11.2.0/../../../../x86_64-w64-mingw32/lib/../lib/libmingw32.a(lib64_libmingw32_a-natstart.o)
 .rdata$zzz     0x0000000140006740       0x30 D:/Programs/msys64/msys64/mingw64/bin/../lib/gcc/x86_64-w64-mingw32/11.2.0/../../../../x86_64-w64-mingw32/lib/../lib/libmingw32.a(lib64_libmingw32_a-wildcard.o)
 .rdata$zzz     0x0000000140006770       0x30 D:/Programs/msys64/msys64/mingw64/bin/../lib/gcc/x86_64-w64-mingw32/11.2.0/../../../../x86_64-w64-mingw32/lib/../lib/libmingw32.a(lib64_libmingw32_a-dllargv.o)
 .rdata$zzz     0x00000001400067a0       0x30 D:/Programs/msys64/msys64/mingw64/bin/../lib/gcc/x86_64-w64-mingw32/11.2.0/../../../../x86_64-w64-mingw32/lib/../lib/libmingw32.a(lib64_libmingw32_a-_newmode.o)
 .rdata$zzz     0x00000001400067d0       0x30 D:/Programs/msys64/msys64/mingw64/bin/../lib/gcc/x86_64-w64-mingw32/11.2.0/../../../../x86_64-w64-mingw32/lib/../lib/libmingw32.a(lib64_libmingw32_a-tlssup.o)
 .rdata$zzz     0x0000000140006800       0x30 D:/Programs/msys64/msys64/mingw64/bin/../lib/gcc/x86_64-w64-mingw32/11.2.0/../../../../x86_64-w64-mingw32/lib/../lib/libmingw32.a(lib64_libmingw32_a-xncommod.o)
 .rdata$zzz     0x0000000140006830       0x30 D:/Programs/msys64/msys64/mingw64/bin/../lib/gcc/x86_64-w64-mingw32/11.2.0/../../../../x86_64-w64-mingw32/lib/../lib/libmingw32.a(lib64_libmingw32_a-cinitexe.o)
 .rdata$zzz     0x0000000140006860       0x30 D:/Programs/msys64/msys64/mingw64/bin/../lib/gcc/x86_64-w64-mingw32/11.2.0/../../../../x86_64-w64-mingw32/lib/../lib/libmingw32.a(lib64_libmingw32_a-merr.o)
 .rdata$zzz     0x0000000140006890       0x30 D:/Programs/msys64/msys64/mingw64/bin/../lib/gcc/x86_64-w64-mingw32/11.2.0/../../../../x86_64-w64-mingw32/lib/../lib/libmingw32.a(lib64_libmingw32_a-CRT_fp10.o)
 .rdata$zzz     0x00000001400068c0       0x30 D:/Programs/msys64/msys64/mingw64/bin/../lib/gcc/x86_64-w64-mingw32/11.2.0/../../../../x86_64-w64-mingw32/lib/../lib/libmingw32.a(lib64_libmingw32_a-mingw_helpers.o)
 .rdata$zzz     0x00000001400068f0       0x30 D:/Programs/msys64/msys64/mingw64/bin/../lib/gcc/x86_64-w64-mingw32/11.2.0/../../../../x86_64-w64-mingw32/lib/../lib/libmingw32.a(lib64_libmingw32_a-pseudo-reloc.o)
 .rdata$zzz     0x0000000140006920       0x30 D:/Programs/msys64/msys64/mingw64/bin/../lib/gcc/x86_64-w64-mingw32/11.2.0/../../../../x86_64-w64-mingw32/lib/../lib/libmingw32.a(lib64_libmingw32_a-usermatherr.o)
 .rdata$zzz     0x0000000140006950       0x30 D:/Programs/msys64/msys64/mingw64/bin/../lib/gcc/x86_64-w64-mingw32/11.2.0/../../../../x86_64-w64-mingw32/lib/../lib/libmingw32.a(lib64_libmingw32_a-xtxtmode.o)
 .rdata$zzz     0x0000000140006980       0x30 D:/Programs/msys64/msys64/mingw64/bin/../lib/gcc/x86_64-w64-mingw32/11.2.0/../../../../x86_64-w64-mingw32/lib/../lib/libmingw32.a(lib64_libmingw32_a-crt_handler.o)
 .rdata$zzz     0x00000001400069b0       0x30 D:/Programs/msys64/msys64/mingw64/bin/../lib/gcc/x86_64-w64-mingw32/11.2.0/../../../../x86_64-w64-mingw32/lib/../lib/libmingw32.a(lib64_libmingw32_a-tlsthrd.o)
 .rdata$zzz     0x00000001400069e0       0x30 D:/Programs/msys64/msys64/mingw64/bin/../lib/gcc/x86_64-w64-mingw32/11.2.0/../../../../x86_64-w64-mingw32/lib/../lib/libmingw32.a(lib64_libmingw32_a-tlsmcrt.o)
 .rdata$zzz     0x0000000140006a10       0x30 D:/Programs/msys64/msys64/mingw64/bin/../lib/gcc/x86_64-w64-mingw32/11.2.0/../../../../x86_64-w64-mingw32/lib/../lib/libmingw32.a(lib64_libmingw32_a-pseudo-reloc-list.o)
 .rdata$zzz     0x0000000140006a40       0x30 D:/Programs/msys64/msys64/mingw64/bin/../lib/gcc/x86_64-w64-mingw32/11.2.0/../../../../x86_64-w64-mingw32/lib/../lib/libmingw32.a(lib64_libmingw32_a-pesect.o)
 .rdata$zzz     0x0000000140006a70       0x30 D:/Programs/msys64/msys64/mingw64/bin/../lib/gcc/x86_64-w64-mingw32/11.2.0/libgcc.a(_ctors.o)
 .rdata$zzz     0x0000000140006aa0       0x30 D:/Programs/msys64/msys64/mingw64/bin/../lib/gcc/x86_64-w64-mingw32/11.2.0/../../../../x86_64-w64-mingw32/lib/../lib/libmingwex.a(lib64_libmingwex_a-mingw_matherr.o)
 .rdata$zzz     0x0000000140006ad0       0x30 D:/Programs/msys64/msys64/mingw64/bin/../lib/gcc/x86_64-w64-mingw32/11.2.0/../../../../x86_64-w64-mingw32/lib/../lib/libmsvcrt.a(lib64_libmsvcrt_extra_a-__p__fmode.o)
 .rdata$zzz     0x0000000140006b00       0x30 D:/Programs/msys64/msys64/mingw64/bin/../lib/gcc/x86_64-w64-mingw32/11.2.0/../../../../x86_64-w64-mingw32/lib/../lib/libmsvcrt.a(lib64_libmsvcrt_extra_a-__p__commode.o)
 .rdata$zzz     0x0000000140006b30       0x30 D:/Programs/msys64/msys64/mingw64/bin/../lib/gcc/x86_64-w64-mingw32/11.2.0/../../../../x86_64-w64-mingw32/lib/../lib/libmsvcrt.a(lib64_libmsvcrt_extra_a-__p__acmdln.o)
 .rdata$zzz     0x0000000140006b60       0x30 D:/Programs/msys64/msys64/mingw64/bin/../lib/gcc/x86_64-w64-mingw32/11.2.0/../../../../x86_64-w64-mingw32/lib/../lib/libmsvcrt.a(lib64_libmsvcrt_extra_a-invalid_parameter_handler.o)
 .rdata$zzz     0x0000000140006b90       0x30 D:/Programs/msys64/msys64/mingw64/bin/../lib/gcc/x86_64-w64-mingw32/11.2.0/../../../../x86_64-w64-mingw32/lib/../lib/libmsvcrt.a(lib64_libmsvcrt_common_a-acrt_iob_func.o)
 .rdata$zzz     0x0000000140006bc0       0x30 D:/Programs/msys64/msys64/mingw64/bin/../lib/gcc/x86_64-w64-mingw32/11.2.0/crtend.o
                0x0000000140006bf0                . = ALIGN (0x4)